2025-07-31 16:07:49.5676 (C2G_BuildCenterRouteHandler.cs:37) 建立到中心服的路由成功: 2589017839524380672 CenterRouteId : 2589028851820527616
2025-07-31 16:07:56.6090 (PlayerBaseDataEntity.cs:20) Auto Save PlayerCoreDataEntity: 2589033249867038720
2025-07-31 16:07:56.7284 (InventoryDataEntity.cs:42) 1111
2025-07-31 16:07:56.7304 (InventoryDataEntity.cs:47)  Dirty : False
2025-07-31 16:07:56.7304 (InventoryDataEntity.cs:48) Auto Save InventoryDataEntity: 2589033249867038721
2025-07-31 16:08:01.7346 (InventoryDataEntity.cs:42) 1111
2025-07-31 16:08:06.7442 (InventoryDataEntity.cs:42) 1111
2025-07-31 16:08:11.7453 (InventoryDataEntity.cs:42) 1111
2025-07-31 16:08:16.7563 (InventoryDataEntity.cs:42) 1111
2025-07-31 16:08:16.7632 (InventoryDataEntity.cs:47)  Dirty : False
2025-07-31 16:08:16.7632 (InventoryDataEntity.cs:48) Auto Save InventoryDataEntity: 2589033249867038721
2025-07-31 16:08:21.7697 (InventoryDataEntity.cs:42) 1111
2025-07-31 16:08:26.7832 (InventoryDataEntity.cs:42) 1111
2025-07-31 16:08:31.7980 (InventoryDataEntity.cs:42) 1111
2025-07-31 16:08:36.8054 (InventoryDataEntity.cs:42) 1111
2025-07-31 16:08:41.8075 (InventoryDataEntity.cs:42) 1111
2025-07-31 16:08:46.8182 (InventoryDataEntity.cs:42) 1111
2025-07-31 16:08:51.8198 (InventoryDataEntity.cs:42) 1111
2025-07-31 16:08:56.8263 (InventoryDataEntity.cs:42) 1111
2025-07-31 16:09:01.8276 (InventoryDataEntity.cs:42) 1111
2025-07-31 16:09:06.8278 (InventoryDataEntity.cs:42) 1111
2025-07-31 16:09:11.8273 (InventoryDataEntity.cs:42) 1111
2025-07-31 16:09:16.8285 (InventoryDataEntity.cs:42) 1111
2025-07-31 16:09:21.8284 (InventoryDataEntity.cs:42) 1111
2025-07-31 16:09:26.8296 (InventoryDataEntity.cs:42) 1111
2025-07-31 16:09:31.8301 (InventoryDataEntity.cs:42) 1111
2025-07-31 16:09:36.8313 (InventoryDataEntity.cs:42) 1111
2025-07-31 16:09:41.8329 (InventoryDataEntity.cs:42) 1111
2025-07-31 16:09:46.8335 (InventoryDataEntity.cs:42) 1111
2025-07-31 16:09:51.8339 (InventoryDataEntity.cs:42) 1111
2025-07-31 16:09:56.8409 (InventoryDataEntity.cs:42) 1111
2025-07-31 16:10:01.8451 (InventoryDataEntity.cs:42) 1111
2025-07-31 16:10:06.8465 (InventoryDataEntity.cs:42) 1111
2025-07-31 16:10:11.8569 (InventoryDataEntity.cs:42) 1111
2025-07-31 16:10:16.8697 (InventoryDataEntity.cs:42) 1111
2025-07-31 16:10:21.8740 (InventoryDataEntity.cs:42) 1111
2025-07-31 16:10:26.8758 (InventoryDataEntity.cs:42) 1111
2025-07-31 16:10:31.8830 (InventoryDataEntity.cs:42) 1111
2025-07-31 16:10:36.8846 (InventoryDataEntity.cs:42) 1111
2025-07-31 16:10:41.8888 (InventoryDataEntity.cs:42) 1111
2025-07-31 16:11:38.3675 (C2G_BuildCenterRouteHandler.cs:37) 建立到中心服的路由成功: 2589013441477869568 CenterRouteId : 2589031050843783168
2025-07-31 16:11:45.4475 (PlayerBaseDataEntity.cs:20) Auto Save PlayerCoreDataEntity: 2589035448890294272
2025-07-31 16:11:45.5527 (InventoryDataEntity.cs:42) 1111
2025-07-31 16:11:49.6820 (InventoryDataEntity.cs:47)  Dirty : False
2025-07-31 16:11:49.6820 (InventoryDataEntity.cs:48) Auto Save InventoryDataEntity: 2589035448890294273
2025-07-31 16:11:50.5542 (InventoryDataEntity.cs:42) 1111
2025-07-31 16:11:55.5547 (InventoryDataEntity.cs:42) 1111
2025-07-31 16:12:00.5551 (InventoryDataEntity.cs:42) 1111
2025-07-31 16:12:05.5566 (InventoryDataEntity.cs:42) 1111
2025-07-31 16:12:10.5565 (InventoryDataEntity.cs:42) 1111
2025-07-31 16:12:15.5574 (InventoryDataEntity.cs:42) 1111
2025-07-31 16:12:20.5582 (InventoryDataEntity.cs:42) 1111
2025-07-31 16:12:25.5582 (InventoryDataEntity.cs:42) 1111
2025-07-31 16:12:30.5582 (InventoryDataEntity.cs:42) 1111
2025-07-31 16:12:35.5684 (InventoryDataEntity.cs:42) 1111
2025-07-31 16:12:42.7156 (OnRouteComponentDispose.cs:13) RouteComponent Dispose: 0
2025-07-31 16:14:26.6885 (InventoryDataEntity.cs:42) 1111
2025-07-31 16:14:31.6886 (InventoryDataEntity.cs:42) 1111
2025-07-31 16:14:33.0164 (C2G_BuildCenterRouteHandler.cs:37) 建立到中心服的路由成功: 2589415862733635584 CenterRouteId : 2589415879913504768
2025-07-31 16:14:36.7020 (InventoryDataEntity.cs:42) 1111
2025-07-31 16:14:46.6375 (OnRouteComponentDispose.cs:13) RouteComponent Dispose: 0
2025-07-31 16:14:46.6375 (PlayerBaseDataEntity.cs:40) Auto Save PlayerCoreDataEntity: 2589415879913504769
2025-07-31 16:14:46.6375 (InventoryDataEntity.cs:42) 1111
2025-07-31 16:14:51.6391 (InventoryDataEntity.cs:42) 1111
2025-07-31 16:14:55.2980 (C2G_BuildCenterRouteHandler.cs:37) 建立到中心服的路由成功: 2589464241245257728 CenterRouteId : 2589464258425126912
2025-07-31 16:14:56.6388 (InventoryDataEntity.cs:42) 1111
2025-07-31 16:15:13.3586 (OnRouteComponentDispose.cs:13) RouteComponent Dispose: 0
2025-07-31 16:15:13.3586 (InventoryDataEntity.cs:42) 1111
2025-07-31 16:15:13.3586 (PlayerBaseDataEntity.cs:20) Auto Save PlayerCoreDataEntity: 2589468656471638016
2025-07-31 16:15:13.3586 (InventoryDataEntity.cs:42) 1111
2025-07-31 16:15:13.3586 (InventoryDataEntity.cs:47)  Dirty : False
2025-07-31 16:15:13.3586 (InventoryDataEntity.cs:48) Auto Save InventoryDataEntity: 2589468656471638017
2025-07-31 16:15:26.2757 (C2G_BuildCenterRouteHandler.cs:37) 建立到中心服的路由成功: 2589009043431358465 CenterRouteId : 2589009060611227648
2025-07-31 16:15:33.8012 (PlayerBaseDataEntity.cs:20) Auto Save PlayerCoreDataEntity: 2589015657680994304
2025-07-31 16:15:33.8740 (InventoryDataEntity.cs:42) 1111
2025-07-31 16:15:33.8740 (InventoryDataEntity.cs:47)  Dirty : False
2025-07-31 16:15:33.8740 (InventoryDataEntity.cs:48) Auto Save InventoryDataEntity: 2589015657680994305
2025-07-31 16:15:57.7839 (OnRouteComponentDispose.cs:13) RouteComponent Dispose: 0
2025-07-31 16:15:57.8273 (InventoryDataEntity.cs:42) 1111
2025-07-31 16:16:02.8274 (InventoryDataEntity.cs:42) 1111
2025-07-31 16:16:07.8286 (InventoryDataEntity.cs:42) 1111
2025-07-31 16:16:12.8299 (InventoryDataEntity.cs:42) 1111
2025-07-31 16:16:17.8316 (InventoryDataEntity.cs:42) 1111
2025-07-31 16:16:22.8292 (InventoryDataEntity.cs:42) 1111
2025-07-31 16:16:27.8296 (InventoryDataEntity.cs:42) 1111
2025-07-31 16:16:32.8294 (InventoryDataEntity.cs:42) 1111
2025-07-31 16:16:37.8298 (InventoryDataEntity.cs:42) 1111
2025-07-31 16:16:42.8299 (InventoryDataEntity.cs:42) 1111
2025-07-31 16:16:47.8292 (InventoryDataEntity.cs:42) 1111
2025-07-31 16:16:52.8309 (InventoryDataEntity.cs:42) 1111
2025-07-31 16:16:57.8312 (InventoryDataEntity.cs:42) 1111
2025-07-31 16:17:02.8325 (InventoryDataEntity.cs:42) 1111
2025-07-31 16:17:07.8333 (InventoryDataEntity.cs:42) 1111
2025-07-31 16:17:12.8333 (InventoryDataEntity.cs:42) 1111
2025-07-31 16:17:17.8340 (InventoryDataEntity.cs:42) 1111
2025-07-31 16:17:22.8355 (InventoryDataEntity.cs:42) 1111
2025-07-31 16:17:27.8360 (InventoryDataEntity.cs:42) 1111
2025-07-31 16:17:32.8360 (InventoryDataEntity.cs:42) 1111
2025-07-31 16:17:37.8374 (InventoryDataEntity.cs:42) 1111
2025-07-31 16:17:42.8377 (InventoryDataEntity.cs:42) 1111
2025-07-31 16:17:47.8384 (InventoryDataEntity.cs:42) 1111
2025-07-31 16:17:52.8393 (InventoryDataEntity.cs:42) 1111
2025-07-31 16:17:57.8406 (InventoryDataEntity.cs:42) 1111
2025-07-31 16:18:02.8403 (InventoryDataEntity.cs:42) 1111
2025-07-31 16:18:07.8404 (InventoryDataEntity.cs:42) 1111
2025-07-31 16:18:12.8401 (InventoryDataEntity.cs:42) 1111
2025-07-31 16:18:17.8406 (InventoryDataEntity.cs:42) 1111
2025-07-31 16:18:22.8420 (InventoryDataEntity.cs:42) 1111
2025-07-31 16:18:27.8427 (InventoryDataEntity.cs:42) 1111
2025-07-31 16:18:32.8446 (InventoryDataEntity.cs:42) 1111
2025-07-31 16:18:37.8448 (InventoryDataEntity.cs:42) 1111
2025-07-31 16:18:42.8458 (InventoryDataEntity.cs:42) 1111
2025-07-31 16:18:47.8468 (InventoryDataEntity.cs:42) 1111
2025-07-31 16:18:52.8460 (InventoryDataEntity.cs:42) 1111
2025-07-31 16:18:57.8481 (InventoryDataEntity.cs:42) 1111
2025-07-31 16:19:02.8492 (InventoryDataEntity.cs:42) 1111
2025-07-31 16:19:07.8500 (InventoryDataEntity.cs:42) 1111
2025-07-31 16:19:12.8503 (InventoryDataEntity.cs:42) 1111
2025-07-31 16:19:17.8514 (InventoryDataEntity.cs:42) 1111
2025-07-31 16:19:22.8515 (InventoryDataEntity.cs:42) 1111
2025-07-31 16:19:27.8516 (InventoryDataEntity.cs:42) 1111
2025-07-31 16:19:32.8530 (InventoryDataEntity.cs:42) 1111
2025-07-31 16:19:37.8523 (InventoryDataEntity.cs:42) 1111
2025-07-31 16:19:42.8524 (InventoryDataEntity.cs:42) 1111
2025-07-31 16:19:47.8528 (InventoryDataEntity.cs:42) 1111
2025-07-31 16:19:52.8522 (InventoryDataEntity.cs:42) 1111
2025-07-31 16:19:57.8524 (InventoryDataEntity.cs:42) 1111
2025-07-31 16:20:02.8535 (InventoryDataEntity.cs:42) 1111
2025-07-31 16:20:07.8549 (InventoryDataEntity.cs:42) 1111
2025-07-31 16:20:12.8546 (InventoryDataEntity.cs:42) 1111
2025-07-31 16:20:17.8542 (InventoryDataEntity.cs:42) 1111
2025-07-31 16:20:22.8550 (InventoryDataEntity.cs:42) 1111
2025-07-31 16:20:27.8542 (InventoryDataEntity.cs:42) 1111
2025-07-31 16:20:32.8545 (InventoryDataEntity.cs:42) 1111
2025-07-31 16:20:37.8554 (InventoryDataEntity.cs:42) 1111
2025-07-31 16:20:42.8552 (InventoryDataEntity.cs:42) 1111
2025-07-31 16:20:47.8564 (InventoryDataEntity.cs:42) 1111
2025-07-31 16:20:52.8563 (InventoryDataEntity.cs:42) 1111
2025-07-31 16:20:57.8564 (InventoryDataEntity.cs:42) 1111
2025-07-31 16:21:02.8567 (InventoryDataEntity.cs:42) 1111
2025-07-31 16:21:07.8565 (InventoryDataEntity.cs:42) 1111
2025-07-31 16:21:12.8570 (InventoryDataEntity.cs:42) 1111
2025-07-31 16:21:17.8573 (InventoryDataEntity.cs:42) 1111
2025-07-31 16:21:22.8572 (InventoryDataEntity.cs:42) 1111
2025-07-31 16:21:27.8583 (InventoryDataEntity.cs:42) 1111
2025-07-31 16:21:32.8589 (InventoryDataEntity.cs:42) 1111
2025-07-31 16:21:37.8582 (InventoryDataEntity.cs:42) 1111
2025-07-31 16:21:42.8605 (InventoryDataEntity.cs:42) 1111
2025-07-31 16:21:47.8626 (InventoryDataEntity.cs:42) 1111
2025-07-31 16:21:52.8624 (InventoryDataEntity.cs:42) 1111
2025-07-31 16:21:57.8649 (InventoryDataEntity.cs:42) 1111
2025-07-31 16:22:02.8640 (InventoryDataEntity.cs:42) 1111
2025-07-31 16:22:07.8649 (InventoryDataEntity.cs:42) 1111
2025-07-31 16:22:12.8651 (InventoryDataEntity.cs:42) 1111
2025-07-31 16:22:17.8652 (InventoryDataEntity.cs:42) 1111
2025-07-31 16:22:22.8668 (InventoryDataEntity.cs:42) 1111
2025-07-31 16:22:27.8663 (InventoryDataEntity.cs:42) 1111
2025-07-31 16:22:32.8674 (InventoryDataEntity.cs:42) 1111
2025-07-31 16:22:37.8674 (InventoryDataEntity.cs:42) 1111
2025-07-31 16:22:42.8692 (InventoryDataEntity.cs:42) 1111
2025-07-31 16:22:47.8708 (InventoryDataEntity.cs:42) 1111
2025-07-31 16:22:52.8718 (InventoryDataEntity.cs:42) 1111
2025-07-31 16:22:57.8713 (InventoryDataEntity.cs:42) 1111
2025-07-31 16:23:02.8720 (InventoryDataEntity.cs:42) 1111
2025-07-31 16:23:07.8725 (InventoryDataEntity.cs:42) 1111
2025-07-31 16:23:12.8736 (InventoryDataEntity.cs:42) 1111
2025-07-31 16:23:17.8732 (InventoryDataEntity.cs:42) 1111
2025-07-31 16:23:22.8743 (InventoryDataEntity.cs:42) 1111
2025-07-31 16:23:27.8745 (InventoryDataEntity.cs:42) 1111
2025-07-31 16:23:32.8762 (InventoryDataEntity.cs:42) 1111
2025-07-31 16:23:37.8768 (InventoryDataEntity.cs:42) 1111
2025-07-31 16:23:42.8776 (InventoryDataEntity.cs:42) 1111
2025-07-31 16:23:47.8777 (InventoryDataEntity.cs:42) 1111
2025-07-31 16:23:52.8788 (InventoryDataEntity.cs:42) 1111
2025-07-31 16:23:57.8788 (InventoryDataEntity.cs:42) 1111
2025-07-31 16:24:02.8795 (InventoryDataEntity.cs:42) 1111
2025-07-31 16:24:07.8800 (InventoryDataEntity.cs:42) 1111
2025-07-31 16:24:12.8808 (InventoryDataEntity.cs:42) 1111
2025-07-31 16:24:17.8815 (InventoryDataEntity.cs:42) 1111
2025-07-31 16:24:22.8830 (InventoryDataEntity.cs:42) 1111
2025-07-31 16:24:27.8843 (InventoryDataEntity.cs:42) 1111
2025-07-31 16:24:32.8844 (InventoryDataEntity.cs:42) 1111
2025-07-31 16:24:37.8850 (InventoryDataEntity.cs:42) 1111
2025-07-31 16:24:42.8851 (InventoryDataEntity.cs:42) 1111
2025-07-31 16:24:47.8854 (InventoryDataEntity.cs:42) 1111
2025-07-31 16:24:52.8852 (InventoryDataEntity.cs:42) 1111
2025-07-31 16:24:57.8863 (InventoryDataEntity.cs:42) 1111
2025-07-31 16:26:18.9678 (C2G_BuildCenterRouteHandler.cs:38) 建立到中心服的路由成功: 2589028834640658432 CenterRouteId : 2589031050843783168
2025-07-31 16:26:26.4978 (PlayerBaseDataEntity.cs:20) Auto Save PlayerCoreDataEntity: 2589035448890294272
2025-07-31 16:26:26.6015 (InventoryDataEntity.cs:42) 1111
2025-07-31 16:26:26.6015 (InventoryDataEntity.cs:47)  Dirty : False
2025-07-31 16:26:26.6015 (InventoryDataEntity.cs:48) Auto Save InventoryDataEntity: 2589035448890294273
2025-07-31 16:26:27.7379 (OnRouteComponentDispose.cs:13) RouteComponent Dispose: 0
2025-07-31 16:26:31.6071 (InventoryDataEntity.cs:42) 1111
2025-07-31 16:26:36.6117 (InventoryDataEntity.cs:42) 1111
2025-07-31 16:26:41.6236 (InventoryDataEntity.cs:42) 1111
2025-07-31 16:26:46.6307 (InventoryDataEntity.cs:42) 1111
2025-07-31 16:26:51.6312 (InventoryDataEntity.cs:42) 1111
2025-07-31 16:26:56.6310 (InventoryDataEntity.cs:42) 1111
2025-07-31 16:27:01.6312 (InventoryDataEntity.cs:42) 1111
2025-07-31 16:27:06.6310 (InventoryDataEntity.cs:42) 1111
2025-07-31 16:27:11.6327 (InventoryDataEntity.cs:42) 1111
2025-07-31 16:27:16.6323 (InventoryDataEntity.cs:42) 1111
2025-07-31 16:27:21.6325 (InventoryDataEntity.cs:42) 1111
2025-07-31 16:27:26.6330 (InventoryDataEntity.cs:42) 1111
2025-07-31 16:27:31.6337 (InventoryDataEntity.cs:42) 1111
2025-07-31 16:27:36.6333 (InventoryDataEntity.cs:42) 1111
2025-07-31 16:27:41.6341 (InventoryDataEntity.cs:42) 1111
2025-07-31 16:27:46.6354 (InventoryDataEntity.cs:42) 1111
2025-07-31 16:27:51.6363 (InventoryDataEntity.cs:42) 1111
2025-07-31 16:27:56.6375 (InventoryDataEntity.cs:42) 1111
2025-07-31 16:28:01.6392 (InventoryDataEntity.cs:42) 1111
2025-07-31 16:28:06.6526 (InventoryDataEntity.cs:42) 1111
2025-07-31 16:28:11.6679 (InventoryDataEntity.cs:42) 1111
2025-07-31 16:28:16.6741 (InventoryDataEntity.cs:42) 1111
2025-07-31 16:28:21.6815 (InventoryDataEntity.cs:42) 1111
2025-07-31 16:28:26.6907 (InventoryDataEntity.cs:42) 1111
2025-07-31 16:28:31.7002 (InventoryDataEntity.cs:42) 1111
2025-07-31 16:28:36.7070 (InventoryDataEntity.cs:42) 1111
2025-07-31 16:28:41.7202 (InventoryDataEntity.cs:42) 1111
2025-07-31 16:28:46.7343 (InventoryDataEntity.cs:42) 1111
2025-07-31 16:28:51.7341 (InventoryDataEntity.cs:42) 1111
2025-07-31 16:28:56.7355 (InventoryDataEntity.cs:42) 1111
2025-07-31 16:29:01.7360 (InventoryDataEntity.cs:42) 1111
2025-07-31 16:29:06.7367 (InventoryDataEntity.cs:42) 1111
2025-07-31 16:29:11.7376 (InventoryDataEntity.cs:42) 1111
2025-07-31 16:29:16.7376 (InventoryDataEntity.cs:42) 1111
2025-07-31 16:29:21.7370 (InventoryDataEntity.cs:42) 1111
2025-07-31 16:29:26.7383 (InventoryDataEntity.cs:42) 1111
2025-07-31 16:29:31.7384 (InventoryDataEntity.cs:42) 1111
2025-07-31 16:29:36.7397 (InventoryDataEntity.cs:42) 1111
2025-07-31 16:29:41.7407 (InventoryDataEntity.cs:42) 1111
2025-07-31 16:29:46.7409 (InventoryDataEntity.cs:42) 1111
2025-07-31 16:29:51.7417 (InventoryDataEntity.cs:42) 1111
2025-07-31 16:29:56.7416 (InventoryDataEntity.cs:42) 1111
2025-07-31 16:30:01.7426 (InventoryDataEntity.cs:42) 1111
2025-07-31 16:30:06.7432 (InventoryDataEntity.cs:42) 1111
2025-07-31 16:30:11.7433 (InventoryDataEntity.cs:42) 1111
2025-07-31 16:30:16.7432 (InventoryDataEntity.cs:42) 1111
2025-07-31 16:30:21.7437 (InventoryDataEntity.cs:42) 1111
2025-07-31 16:30:26.7436 (InventoryDataEntity.cs:42) 1111
2025-07-31 16:30:31.7435 (InventoryDataEntity.cs:42) 1111
2025-07-31 16:30:36.7456 (InventoryDataEntity.cs:42) 1111
2025-07-31 16:30:41.7450 (InventoryDataEntity.cs:42) 1111
2025-07-31 16:30:46.7459 (InventoryDataEntity.cs:42) 1111
2025-07-31 16:30:51.7452 (InventoryDataEntity.cs:42) 1111
2025-07-31 16:30:56.7458 (InventoryDataEntity.cs:42) 1111
2025-07-31 16:31:01.7460 (InventoryDataEntity.cs:42) 1111
2025-07-31 16:31:06.7456  1111
2025-07-31 16:31:11.7467  1111
2025-07-31 16:31:16.7463  1111
2025-07-31 16:31:21.7465  1111
2025-07-31 16:31:26.7481  1111
2025-07-31 16:31:31.7479  1111
2025-07-31 16:31:36.7487  1111
2025-07-31 16:31:41.7481  1111
2025-07-31 16:31:46.7483  1111
2025-07-31 16:31:51.7498  1111
2025-07-31 16:31:56.7494  1111
2025-07-31 16:32:01.7499  1111
2025-07-31 16:32:06.7511  1111
2025-07-31 16:32:11.7510  1111
2025-07-31 16:32:31.5455 (C2G_BuildCenterRouteHandler.cs:39) 建立到中心服的路由成功: 2589024436594147328 CenterRouteId : 2589024453774016512
2025-07-31 16:32:36.7622 (PlayerBaseDataEntity.cs:40) Auto Save PlayerCoreDataEntity: 2589026652797272064
2025-07-31 16:32:36.7760 (InventoryDataEntity.cs:42) 1111
2025-07-31 16:32:36.7760 (InventoryDataEntity.cs:47)  Dirty : False
2025-07-31 16:32:36.7760 (InventoryDataEntity.cs:48) Auto Save InventoryDataEntity: 2589026652797272065
2025-07-31 16:32:41.7755 (InventoryDataEntity.cs:42) 1111
2025-07-31 16:32:46.7784 (InventoryDataEntity.cs:42) 1111
2025-07-31 16:32:49.6145 (OnRouteComponentDispose.cs:13) RouteComponent Dispose: 2589024453774016512
2025-07-31 16:32:49.6311 (InventoryDataEntity.cs:58) Dispose InventoryDataEntity: 0
2025-07-31 16:32:49.6311 (PlayerBaseDataEntity.cs:53) Dispose PlayerCoreDataEntity: 0
2025-07-31 16:32:49.6311 (G2Center_DisposeCenterUnitHandler.cs:13) Dispose CenterUnit: 2589024453774016512
