2025-07-31 13:45:07.6502 (C2G_BuildCenterRouteHandler.cs:38) 建立到中心服的路由成功: 2589028834640658432 CenterRouteId : 2589061837169360896
2025-07-31 13:45:14.2559 (PlayerBaseDataEntity.cs:20) Auto Save PlayerCoreDataEntity: 2589066235215872000
2025-07-31 13:45:14.4179 (InventoryDataEntity.cs:45) 1111
2025-07-31 13:45:14.4179 (InventoryDataEntity.cs:50)  Dirty : False
2025-07-31 13:45:14.4179 (InventoryDataEntity.cs:51) Auto Save InventoryDataEntity: 2589066235215872001
2025-07-31 13:45:19.4162 (InventoryDataEntity.cs:45) 1111
2025-07-31 13:45:24.4177 (InventoryDataEntity.cs:45) 1111
2025-07-31 13:45:29.4175 (InventoryDataEntity.cs:45) 1111
2025-07-31 13:45:34.4185 (InventoryDataEntity.cs:45) 1111
2025-07-31 13:45:39.4383 (InventoryDataEntity.cs:45) 1111
2025-07-31 13:45:39.4383 (InventoryDataEntity.cs:50)  Dirty : False
2025-07-31 13:45:39.4383 (InventoryDataEntity.cs:51) Auto Save InventoryDataEntity: 2589066235215872001
2025-07-31 13:45:44.4512 (InventoryDataEntity.cs:45) 1111
2025-07-31 13:45:49.4514 (InventoryDataEntity.cs:45) 1111
2025-07-31 13:45:54.4523 (InventoryDataEntity.cs:45) 1111
2025-07-31 13:45:59.4531 (InventoryDataEntity.cs:45) 1111
2025-07-31 13:46:04.4534 (InventoryDataEntity.cs:45) 1111
2025-07-31 13:46:09.4537 (InventoryDataEntity.cs:45) 1111
2025-07-31 13:46:14.4533 (InventoryDataEntity.cs:45) 1111
2025-07-31 13:46:19.4541 (InventoryDataEntity.cs:45) 1111
2025-07-31 13:46:24.4654 (InventoryDataEntity.cs:45) 1111
2025-07-31 13:46:29.4795 (InventoryDataEntity.cs:45) 1111
2025-07-31 13:46:34.4858 (InventoryDataEntity.cs:45) 1111
2025-07-31 13:46:39.4859 (InventoryDataEntity.cs:45) 1111
2025-07-31 13:46:44.4857 (InventoryDataEntity.cs:45) 1111
2025-07-31 13:46:49.4873 (InventoryDataEntity.cs:45) 1111
2025-07-31 13:46:54.4909 (InventoryDataEntity.cs:45) 1111
2025-07-31 13:46:59.4950 (InventoryDataEntity.cs:45) 1111
2025-07-31 13:47:04.5089 (InventoryDataEntity.cs:45) 1111
2025-07-31 13:47:09.5209 (InventoryDataEntity.cs:45) 1111
2025-07-31 13:47:14.5206 (InventoryDataEntity.cs:45) 1111
2025-07-31 13:47:19.5291 (InventoryDataEntity.cs:45) 1111
2025-07-31 13:47:24.5290 (InventoryDataEntity.cs:45) 1111
2025-07-31 13:47:29.5382 (InventoryDataEntity.cs:45) 1111
2025-07-31 13:47:34.5393 (InventoryDataEntity.cs:45) 1111
2025-07-31 13:47:39.5441 (InventoryDataEntity.cs:45) 1111
2025-07-31 13:47:44.5561 (InventoryDataEntity.cs:45) 1111
2025-07-31 13:47:49.5697 (InventoryDataEntity.cs:45) 1111
2025-07-31 13:47:54.5753 (InventoryDataEntity.cs:45) 1111
2025-07-31 13:47:59.5802 (InventoryDataEntity.cs:45) 1111
2025-07-31 13:48:04.5822 (InventoryDataEntity.cs:45) 1111
2025-07-31 13:48:09.5928 (InventoryDataEntity.cs:45) 1111
2025-07-31 13:48:14.6015 (InventoryDataEntity.cs:45) 1111
2025-07-31 13:48:19.6124 (InventoryDataEntity.cs:45) 1111
2025-07-31 13:48:24.6210 (InventoryDataEntity.cs:45) 1111
2025-07-31 13:48:29.6268 (InventoryDataEntity.cs:45) 1111
2025-07-31 13:48:34.6371 (InventoryDataEntity.cs:45) 1111
2025-07-31 13:48:39.6469 (InventoryDataEntity.cs:45) 1111
2025-07-31 13:48:44.6464 (InventoryDataEntity.cs:45) 1111
2025-07-31 13:48:49.6573 (InventoryDataEntity.cs:45) 1111
2025-07-31 13:48:54.6590 (InventoryDataEntity.cs:45) 1111
2025-07-31 13:48:59.6655 (InventoryDataEntity.cs:45) 1111
2025-07-31 13:49:04.6650 (InventoryDataEntity.cs:45) 1111
2025-07-31 13:49:09.6650 (InventoryDataEntity.cs:45) 1111
2025-07-31 13:49:14.6659 (InventoryDataEntity.cs:45) 1111
2025-07-31 13:49:19.6657 (InventoryDataEntity.cs:45) 1111
2025-07-31 13:49:24.6655 (InventoryDataEntity.cs:45) 1111
2025-07-31 13:49:29.6659 (InventoryDataEntity.cs:45) 1111
2025-07-31 13:49:34.6656 (InventoryDataEntity.cs:45) 1111
2025-07-31 13:49:39.6653 (InventoryDataEntity.cs:45) 1111
2025-07-31 13:49:44.6653 (InventoryDataEntity.cs:45) 1111
2025-07-31 13:49:49.6664  1111
2025-07-31 13:49:54.6667  1111
2025-07-31 13:49:59.6665  1111
2025-07-31 13:50:04.6678  1111
2025-07-31 13:50:09.6686  1111
2025-07-31 13:50:14.6696  1111
2025-07-31 13:50:19.6697  1111
2025-07-31 13:50:24.6704  1111
2025-07-31 13:50:29.6711  1111
2025-07-31 13:50:34.6719  1111
2025-07-31 13:50:39.6715  1111
2025-07-31 13:50:44.6721  1111
2025-07-31 13:50:49.6731  1111
2025-07-31 13:50:54.6740  1111
2025-07-31 13:50:59.6741  1111
2025-07-31 13:51:04.6747  1111
2025-07-31 13:51:09.6751  1111
2025-07-31 13:51:14.6757  1111
2025-07-31 13:51:19.6812  1111
2025-07-31 13:51:24.6879  1111
2025-07-31 13:51:29.7009  1111
2025-07-31 13:51:34.7100  1111
2025-07-31 13:51:39.7123  1111
2025-07-31 13:51:44.7126  1111
2025-07-31 13:51:49.7224  1111
2025-07-31 13:51:54.7275  1111
2025-07-31 13:51:59.7328  1111
2025-07-31 13:52:04.7323  1111
2025-07-31 13:52:09.7434  1111
2025-07-31 13:52:14.7568  1111
2025-07-31 13:52:19.7664  1111
2025-07-31 13:52:24.7814  1111
2025-07-31 13:52:29.7946  1111
2025-07-31 13:52:34.7954  1111
2025-07-31 13:52:39.8029  1111
2025-07-31 13:52:44.8068  1111
2025-07-31 13:52:49.8155  1111
2025-07-31 13:52:54.8231  1111
2025-07-31 13:52:59.8235  1111
2025-07-31 13:53:04.8373  1111
2025-07-31 13:53:09.8531  1111
2025-07-31 13:53:14.8530  1111
2025-07-31 13:53:19.8638  1111
2025-07-31 13:53:24.8672  1111
2025-07-31 13:53:29.8681  1111
2025-07-31 13:53:34.8692  1111
2025-07-31 13:53:39.8694  1111
2025-07-31 13:53:44.8704  1111
2025-07-31 13:53:49.8703  1111
2025-07-31 13:53:54.8701  1111
2025-07-31 13:53:59.8701  1111
2025-07-31 13:54:04.8702  1111
2025-07-31 13:54:09.8702  1111
2025-07-31 13:54:14.8704  1111
2025-07-31 13:54:19.8730  1111
2025-07-31 13:54:24.8881  1111
2025-07-31 13:54:29.8890  1111
2025-07-31 13:54:34.8896  1111
2025-07-31 13:55:55.5855 (C2G_BuildCenterRouteHandler.cs:38) 建立到中心服的路由成功: 2589020038547636224 CenterRouteId : 2589026652797272064
2025-07-31 13:56:01.6223 (PlayerBaseDataEntity.cs:20) Auto Save PlayerCoreDataEntity: 2589028851820527616
2025-07-31 13:56:01.7551 (InventoryDataEntity.cs:46) 1111
2025-07-31 13:56:01.7551 (InventoryDataEntity.cs:51)  Dirty : False
2025-07-31 13:56:01.7551 (InventoryDataEntity.cs:52) Auto Save InventoryDataEntity: 2589028851820527617
2025-07-31 13:56:06.7554 (InventoryDataEntity.cs:46) 1111
2025-07-31 13:56:11.7661 (InventoryDataEntity.cs:46) 1111
2025-07-31 13:56:16.7757 (InventoryDataEntity.cs:46) 1111
2025-07-31 13:56:16.7783 (InventoryDataEntity.cs:51)  Dirty : False
2025-07-31 13:56:16.7783 (InventoryDataEntity.cs:52) Auto Save InventoryDataEntity: 2589028851820527617
2025-07-31 13:56:21.7872 (InventoryDataEntity.cs:46) 1111
2025-07-31 13:56:26.7877 (InventoryDataEntity.cs:46) 1111
2025-07-31 13:56:31.7911 (InventoryDataEntity.cs:46) 1111
2025-07-31 13:56:31.7921 (InventoryDataEntity.cs:51)  Dirty : False
2025-07-31 13:56:31.7921 (InventoryDataEntity.cs:52) Auto Save InventoryDataEntity: 2589028851820527617
2025-07-31 13:56:36.7942 (InventoryDataEntity.cs:46) 1111
2025-07-31 13:56:41.7957 (InventoryDataEntity.cs:46) 1111
2025-07-31 13:56:46.7963 (InventoryDataEntity.cs:46) 1111
2025-07-31 13:56:51.7973 (InventoryDataEntity.cs:46) 1111
2025-07-31 13:56:56.7978 (InventoryDataEntity.cs:46) 1111
2025-07-31 13:57:01.7980 (InventoryDataEntity.cs:46) 1111
2025-07-31 13:57:06.7983 (InventoryDataEntity.cs:46) 1111
2025-07-31 13:57:11.8106 (InventoryDataEntity.cs:46) 1111
2025-07-31 13:57:28.0682 (C2G_BuildCenterRouteHandler.cs:38) 建立到中心服的路由成功: 2589009043431358465 CenterRouteId : 2589017856704249856
2025-07-31 13:57:34.7426 (PlayerBaseDataEntity.cs:20) Auto Save PlayerCoreDataEntity: 2589022254750760960
2025-07-31 13:57:34.7479 (InventoryDataEntity.cs:47) 1111
2025-07-31 13:57:34.7479 (InventoryDataEntity.cs:52)  Dirty : False
2025-07-31 13:57:34.7479 (InventoryDataEntity.cs:53) Auto Save InventoryDataEntity: 2589022254750760961
2025-07-31 13:57:39.7570 (InventoryDataEntity.cs:47) 1111
2025-07-31 13:57:44.7614 (InventoryDataEntity.cs:47) 1111
2025-07-31 13:57:49.7718 (InventoryDataEntity.cs:47) 1111
2025-07-31 13:57:54.7727 (InventoryDataEntity.cs:47) 1111
2025-07-31 13:57:59.7722 (InventoryDataEntity.cs:47) 1111
2025-07-31 13:58:04.7726 (InventoryDataEntity.cs:47) 1111
2025-07-31 13:58:20.5509 (C2G_BuildCenterRouteHandler.cs:38) 建立到中心服的路由成功: 2589011242454614016 CenterRouteId : 2589011259634483200
2025-07-31 13:58:38.6534 (PlayerBaseDataEntity.cs:20) Auto Save PlayerCoreDataEntity: 2589015657680994304
2025-07-31 13:58:42.1882 (InventoryDataEntity.cs:47) 1111
