2025-07-31 14:26:53.3596  Hotfix.InventoryDataEntity Error MongoDB.Bson.BsonSerializationException: There is already a serializer registered for type Dictionary<Int32, Int32>.
   at MongoDB.Bson.Serialization.BsonSerializerRegistry.RegisterSerializer(Type type, IBsonSerializer serializer)
   at MongoDB.Bson.Serialization.BsonSerializer.RegisterSerializer(Type type, IBsonSerializer serializer)
   at Hotfix.On_InventoryDataEntity_AwakeSystem.Awake(InventoryDataEntity self) in F:\UnityProject\Framework\Framework\Server\Hotfix\Common\Entity\Database\Inventory\InventoryDataEntity.cs:line 21
   at Fantasy.Entitas.Interface.AwakeSystem`1.Invoke(Entity self)
   at Fantasy.Entitas.EntityComponent.Awake(Entity entity)
   at Fantasy.Entitas.EntityComponent.Awake(Entity entity)
   at Fantasy.Entitas.Entity.AddComponent[T](Boolean isPool)
   at Hotfix.Center.Handler.C2Center_CreatePlayerHandler.Run(CenterUnit centerUnit, C2Center_CreatePlayer_Req request, Center2C_CreatePlayer_Resp response, Action reply) in F:\UnityProject\Framework\Framework\Server\Hotfix\Center\Handler\Player\C2Center_CreatePlayerHandler.cs:line 36
   at Hotfix.Center.Handler.C2Center_CreatePlayerHandler.Run(CenterUnit centerUnit, C2Center_CreatePlayer_Req request, Center2C_CreatePlayer_Resp response, Action reply)
   at Fantasy.Network.Interface.RouteRPC`3.Handle(Session session, Entity entity, UInt32 rpcId, Object routeMessage)
   at Fantasy.Network.Interface.RouteRPC`3.Handle(Session session, Entity entity, UInt32 rpcId, Object routeMessage)
   at Fantasy.Network.Interface.MessageDispatcherComponent.RouteMessageHandler(Session session, Type type, Entity entity, Object message, UInt32 rpcId)
   at Fantasy.Network.Interface.MessageDispatcherComponent.RouteMessageHandler(Session session, Type type, Entity entity, Object message, UInt32 rpcId)
   at Fantasy.Scheduler.ProcessScheduler.<>c__DisplayClass0_4.<Scheduler>b__3()
   at Fantasy.ThreadSynchronizationContext.Update()
   at Fantasy.MainScheduler.Update()
   at Fantasy.Platform.Net.Entry.Start()
   at Fantasy.Platform.Net.Entry.Start()
   at Program.<Main>$(String[] args) in F:\UnityProject\Framework\Framework\Server\Main\Program.cs:line 35
   at System.Runtime.CompilerServices.AsyncMethodBuilderCore.Start[TStateMachine](TStateMachine& stateMachine)
   at Program.<Main>$(String[] args)
   at Program.<Main>(String[] args)

2025-07-31 14:28:54.2970  OnCreateScene Error MongoDB.Bson.BsonSerializationException: There is already a serializer registered for type Dictionary<Int32, Int32>.
   at MongoDB.Bson.Serialization.BsonSerializerRegistry.RegisterSerializer(Type type, IBsonSerializer serializer)
   at MongoDB.Bson.Serialization.BsonSerializer.RegisterSerializer(Type type, IBsonSerializer serializer)
   at OnCreateScene_Init.Handler(OnCreateScene self) in F:\UnityProject\Framework\Framework\Server\Hotfix\Event\OnCreateScene_Init.cs:line 20
   at Fantasy.Event.AsyncEventSystem`1.InvokeAsync(Object self)
   at Fantasy.Event.AsyncEventSystem`1.InvokeAsync(Object self)
   at Fantasy.Event.AsyncEventSystem`1.InvokeAsync(Object self)
   at Fantasy.Event.EventComponent.PublishAsync[TEventData](TEventData eventData)
   at Fantasy.Event.EventComponent.PublishAsync[TEventData](TEventData eventData)
   at Fantasy.Scene.<>c__DisplayClass96_0.<Create>b__0()
   at Fantasy.ThreadSynchronizationContext.Update()
   at Fantasy.MainScheduler.Update()
   at Fantasy.ThreadScheduler.Update()
   at Fantasy.Platform.Net.Entry.Start()
   at Fantasy.Platform.Net.Entry.Start()
   at Program.<Main>$(String[] args) in F:\UnityProject\Framework\Framework\Server\Main\Program.cs:line 35
   at System.Runtime.CompilerServices.AsyncMethodBuilderCore.Start[TStateMachine](TStateMachine& stateMachine)
   at Program.<Main>$(String[] args)
   at Program.<Main>(String[] args)

