2025-07-31 10:32:06.0188 (C2G_BuildCenterRouteHandler.cs:38) 建立到中心服的路由成功: 2589330100826669056 CenterRouteId : 2589345511169327104
2025-07-31 10:32:11.2038 (PlayerBaseDataEntity.cs:40) Auto Save PlayerCoreDataEntity: 2589345511169327105
2025-07-31 10:32:11.2172 (InventoryDataEntity.cs:43) 1111
2025-07-31 10:32:11.2344 (InventoryDataEntity.cs:48)  Dirty : False
2025-07-31 10:32:11.2344 (InventoryDataEntity.cs:49) Auto Save InventoryDataEntity: 2589345511169327106
2025-07-31 10:32:16.2253 (InventoryDataEntity.cs:43) 1111
2025-07-31 10:32:16.2253 (InventoryDataEntity.cs:48)  Dirty : False
2025-07-31 10:32:16.2253 (InventoryDataEntity.cs:49) Auto Save InventoryDataEntity: 2589345511169327106
2025-07-31 10:32:21.2278 (InventoryDataEntity.cs:43) 1111
2025-07-31 10:32:26.2319 (InventoryDataEntity.cs:43) 1111
2025-07-31 10:32:31.2377 (InventoryDataEntity.cs:43) 1111
2025-07-31 10:32:36.2487 (InventoryDataEntity.cs:43) 1111
2025-07-31 10:32:41.2502 (InventoryDataEntity.cs:43) 1111
2025-07-31 10:32:46.2541 (InventoryDataEntity.cs:43) 1111
2025-07-31 10:32:51.2680 (InventoryDataEntity.cs:43) 1111
2025-07-31 10:32:56.2741 (InventoryDataEntity.cs:43) 1111
2025-07-31 10:33:01.2748 (InventoryDataEntity.cs:43) 1111
2025-07-31 10:33:06.2758 (InventoryDataEntity.cs:43) 1111
2025-07-31 10:33:11.2810 (InventoryDataEntity.cs:43) 1111
2025-07-31 10:33:16.2838 (InventoryDataEntity.cs:43) 1111
2025-07-31 10:33:21.2915 (InventoryDataEntity.cs:43) 1111
2025-07-31 10:33:26.3065 (InventoryDataEntity.cs:43) 1111
2025-07-31 10:33:31.3169 (InventoryDataEntity.cs:43) 1111
2025-07-31 10:33:36.3270 (InventoryDataEntity.cs:43) 1111
2025-07-31 10:33:41.3261 (InventoryDataEntity.cs:43) 1111
2025-07-31 10:33:46.3273 (InventoryDataEntity.cs:43) 1111
2025-07-31 10:33:51.3372 (InventoryDataEntity.cs:43) 1111
2025-07-31 10:33:56.3420 (InventoryDataEntity.cs:43) 1111
2025-07-31 10:34:01.3454 (InventoryDataEntity.cs:43) 1111
2025-07-31 10:34:06.3540 (InventoryDataEntity.cs:43) 1111
2025-07-31 10:34:11.3537 (InventoryDataEntity.cs:43) 1111
2025-07-31 10:34:16.3575 (InventoryDataEntity.cs:43) 1111
2025-07-31 10:34:21.3626 (InventoryDataEntity.cs:43) 1111
2025-07-31 10:34:26.3713 (InventoryDataEntity.cs:43) 1111
2025-07-31 10:34:31.3791 (InventoryDataEntity.cs:43) 1111
2025-07-31 10:34:36.3863 (InventoryDataEntity.cs:43) 1111
2025-07-31 10:34:41.3963 (InventoryDataEntity.cs:43) 1111
2025-07-31 10:34:46.4115 (InventoryDataEntity.cs:43) 1111
2025-07-31 10:34:51.4143 (InventoryDataEntity.cs:43) 1111
2025-07-31 10:34:56.4188 (InventoryDataEntity.cs:43) 1111
2025-07-31 10:35:01.4205 (InventoryDataEntity.cs:43) 1111
2025-07-31 10:35:06.4305 (InventoryDataEntity.cs:43) 1111
2025-07-31 10:35:11.4346 (InventoryDataEntity.cs:43) 1111
2025-07-31 10:35:16.4370 (InventoryDataEntity.cs:43) 1111
2025-07-31 10:35:21.4523 (InventoryDataEntity.cs:43) 1111
2025-07-31 10:35:26.4588 (InventoryDataEntity.cs:43) 1111
2025-07-31 10:35:31.4634 (InventoryDataEntity.cs:43) 1111
2025-07-31 10:35:36.4711 (InventoryDataEntity.cs:43) 1111
2025-07-31 10:35:41.4716 (InventoryDataEntity.cs:43) 1111
2025-07-31 10:35:46.4976 (InventoryDataEntity.cs:43) 1111
2025-07-31 10:35:51.4986 (InventoryDataEntity.cs:43) 1111
2025-07-31 10:35:56.5068 (InventoryDataEntity.cs:43) 1111
2025-07-31 10:36:01.5103 (InventoryDataEntity.cs:43) 1111
2025-07-31 10:36:06.5152 (InventoryDataEntity.cs:43) 1111
2025-07-31 10:36:11.5173 (InventoryDataEntity.cs:43) 1111
2025-07-31 10:36:16.5280 (InventoryDataEntity.cs:43) 1111
2025-07-31 10:36:21.5391 (InventoryDataEntity.cs:43) 1111
2025-07-31 10:36:26.5515 (InventoryDataEntity.cs:43) 1111
2025-07-31 10:36:31.5569 (InventoryDataEntity.cs:43) 1111
2025-07-31 10:36:36.5641 (InventoryDataEntity.cs:43) 1111
2025-07-31 10:36:41.5687 (InventoryDataEntity.cs:43) 1111
2025-07-31 10:36:46.5715  1111
2025-07-31 10:36:51.5867  1111
2025-07-31 10:36:56.6013  1111
2025-07-31 10:37:01.6037  1111
2025-07-31 10:37:06.6110  1111
2025-07-31 10:37:11.6251  1111
2025-07-31 10:37:16.6328  1111
2025-07-31 10:37:21.6355  1111
2025-07-31 10:37:26.6444  1111
2025-07-31 10:37:31.6515  1111
2025-07-31 10:37:36.6570  1111
2025-07-31 10:37:41.6694  1111
2025-07-31 10:37:46.6823  1111
2025-07-31 10:37:51.6835  1111
2025-07-31 10:37:56.6871  1111
2025-07-31 10:38:01.6923  1111
2025-07-31 10:38:06.7032  1111
2025-07-31 10:38:11.7077  1111
2025-07-31 10:38:16.7176  1111
2025-07-31 10:38:21.7311  1111
2025-07-31 10:38:26.7445  1111
2025-07-31 10:38:31.7540  1111
2025-07-31 10:38:36.7635  1111
2025-07-31 10:38:41.7642  1111
2025-07-31 10:38:46.7671  1111
2025-07-31 10:38:51.7733  1111
2025-07-31 10:38:56.7840  1111
2025-07-31 10:39:01.7876  1111
2025-07-31 10:39:06.7917  1111
2025-07-31 10:39:11.8067  1111
2025-07-31 10:39:16.8207  1111
2025-07-31 10:39:21.8251  1111
2025-07-31 10:39:26.8403  1111
2025-07-31 10:39:31.8479  1111
2025-07-31 10:39:36.8604  1111
2025-07-31 10:39:41.8748  1111
2025-07-31 10:39:46.8848  1111
2025-07-31 10:39:51.8903  1111
2025-07-31 10:39:56.8927  1111
2025-07-31 10:40:01.8946  1111
2025-07-31 10:40:06.8991  1111
2025-07-31 10:40:11.9018  1111
2025-07-31 10:40:16.9119  1111
2025-07-31 10:40:21.9190  1111
2025-07-31 10:40:26.9266  1111
2025-07-31 10:40:31.9330  1111
2025-07-31 10:40:36.9443  1111
2025-07-31 10:40:41.9592  1111
2025-07-31 10:40:46.9655  1111
2025-07-31 10:40:51.9695  1111
2025-07-31 10:40:56.9699  1111
2025-07-31 10:41:01.9729  1111
2025-07-31 10:41:06.9837  1111
2025-07-31 10:41:11.9859  1111
2025-07-31 10:41:16.9866  1111
2025-07-31 10:41:22.0005  1111
2025-07-31 10:41:27.0004  1111
2025-07-31 10:41:32.0041  1111
2025-07-31 10:41:37.0159  1111
2025-07-31 10:41:42.0178  1111
2025-07-31 10:41:47.0207  1111
2025-07-31 10:41:52.0288  1111
2025-07-31 10:41:57.0369  1111
2025-07-31 10:42:02.0437  1111
2025-07-31 10:42:07.0577  1111
2025-07-31 10:42:12.0694  1111
2025-07-31 10:42:17.0816  1111
2025-07-31 10:42:22.0823  1111
2025-07-31 10:42:27.0884  1111
2025-07-31 10:42:32.1029  1111
2025-07-31 10:42:37.1136  1111
2025-07-31 10:42:42.1206  1111
2025-07-31 10:42:47.1208  1111
2025-07-31 10:42:52.1272  1111
2025-07-31 10:42:57.1306  1111
2025-07-31 10:43:02.1389  1111
2025-07-31 10:43:07.1532  1111
2025-07-31 10:43:12.1573  1111
2025-07-31 10:43:17.1643  1111
2025-07-31 10:43:22.1762  1111
2025-07-31 10:43:27.1859  1111
2025-07-31 10:43:32.1993  1111
2025-07-31 10:43:37.2039  1111
2025-07-31 10:43:42.2079  1111
2025-07-31 10:43:47.2179  1111
2025-07-31 10:43:52.2240  1111
2025-07-31 10:43:57.2263  1111
2025-07-31 10:44:02.2323  1111
2025-07-31 10:44:07.2453  1111
2025-07-31 10:44:12.2515  1111
2025-07-31 10:44:17.2580  1111
2025-07-31 10:44:22.2732  1111
2025-07-31 10:44:27.2763  1111
2025-07-31 10:44:32.2820  1111
2025-07-31 10:44:37.2819  1111
2025-07-31 10:44:42.2850  1111
2025-07-31 10:44:47.2953  1111
2025-07-31 10:44:52.2951  1111
2025-07-31 10:44:57.2995  1111
2025-07-31 10:45:02.3015  1111
2025-07-31 10:45:07.3129  1111
2025-07-31 10:45:12.3259  1111
2025-07-31 10:45:17.3252  1111
2025-07-31 10:45:22.3268  1111
2025-07-31 10:45:27.3397  1111
2025-07-31 10:45:32.3529  1111
2025-07-31 10:45:37.3609  1111
2025-07-31 10:45:42.3615  1111
2025-07-31 10:45:47.3714  1111
2025-07-31 10:45:52.3848  1111
2025-07-31 10:45:57.3957  1111
2025-07-31 10:46:02.3982  1111
2025-07-31 10:46:07.3998  1111
2025-07-31 10:46:12.4001  1111
2025-07-31 10:46:17.4002  1111
2025-07-31 10:46:22.4003  1111
2025-07-31 10:46:27.4005  1111
2025-07-31 10:46:32.4048  1111
2025-07-31 10:46:37.4046  1111
2025-07-31 10:46:42.4052  1111
2025-07-31 10:46:47.4050  1111
2025-07-31 10:46:52.4057  1111
2025-07-31 10:46:57.4060  1111
2025-07-31 10:47:02.4070  1111
2025-07-31 10:47:07.4077  1111
2025-07-31 10:47:12.4070  1111
2025-07-31 10:47:17.4081  1111
2025-07-31 10:47:22.4084  1111
2025-07-31 10:47:27.4084  1111
2025-07-31 10:47:32.4097  1111
2025-07-31 10:47:37.4104  1111
2025-07-31 10:47:42.4108  1111
2025-07-31 10:47:47.4113  1111
2025-07-31 10:47:52.4117  1111
2025-07-31 10:47:57.4123  1111
2025-07-31 10:48:02.4121  1111
2025-07-31 10:48:07.4123  1111
2025-07-31 10:48:12.4139  1111
2025-07-31 10:48:17.4131  1111
2025-07-31 10:48:22.4134  1111
2025-07-31 10:48:27.4147  1111
2025-07-31 10:48:32.4141  1111
2025-07-31 10:48:37.4160  1111
2025-07-31 10:48:42.4172  1111
2025-07-31 10:48:47.4180  1111
2025-07-31 10:48:52.4179  1111
2025-07-31 10:48:57.4189  1111
2025-07-31 10:49:02.4181  1111
2025-07-31 10:49:07.4189  1111
2025-07-31 10:49:12.4183  1111
2025-07-31 10:49:17.4183  1111
2025-07-31 10:49:22.4191  1111
2025-07-31 10:49:27.4202  1111
2025-07-31 10:49:32.4208  1111
2025-07-31 10:49:37.4206  1111
2025-07-31 10:49:42.4205  1111
2025-07-31 10:49:47.4200  1111
2025-07-31 10:49:52.4214  1111
2025-07-31 10:49:57.4229  1111
2025-07-31 10:50:02.4228  1111
2025-07-31 10:50:07.4238  1111
2025-07-31 10:50:12.4249  1111
2025-07-31 10:50:17.4243  1111
2025-07-31 10:50:22.4241  1111
2025-07-31 10:50:27.4246  1111
2025-07-31 10:50:32.4256  1111
2025-07-31 10:50:37.4256  1111
2025-07-31 10:50:42.4257  1111
2025-07-31 10:50:47.4252  1111
2025-07-31 10:50:52.4268  1111
2025-07-31 10:50:57.4272  1111
2025-07-31 10:51:02.4276  1111
2025-07-31 10:53:40.0642 (C2G_BuildCenterRouteHandler.cs:38) 建立到中心服的路由成功: 2589061819989491712 CenterRouteId : 2589327918983282688
2025-07-31 10:53:48.8505 (PlayerBaseDataEntity.cs:20) Auto Save PlayerCoreDataEntity: 2589336715076304896
2025-07-31 10:53:48.9582 (InventoryDataEntity.cs:43) 1111
2025-07-31 10:53:48.9582 (InventoryDataEntity.cs:48)  Dirty : False
2025-07-31 10:53:48.9582 (InventoryDataEntity.cs:49) Auto Save InventoryDataEntity: 2589336715076304897
2025-07-31 10:53:53.9576 (InventoryDataEntity.cs:43) 1111
2025-07-31 10:53:58.9580 (InventoryDataEntity.cs:43) 1111
2025-07-31 10:54:03.9592 (InventoryDataEntity.cs:43) 1111
2025-07-31 10:54:08.9598 (InventoryDataEntity.cs:43) 1111
2025-07-31 10:54:08.9598 (InventoryDataEntity.cs:48)  Dirty : False
2025-07-31 10:54:08.9598 (InventoryDataEntity.cs:49) Auto Save InventoryDataEntity: 2589336715076304897
2025-07-31 10:54:13.9612 (InventoryDataEntity.cs:43) 1111
2025-07-31 10:54:18.9625 (InventoryDataEntity.cs:43) 1111
2025-07-31 10:54:23.9627 (InventoryDataEntity.cs:43) 1111
2025-07-31 10:54:28.9622 (InventoryDataEntity.cs:43) 1111
2025-07-31 10:54:33.9630 (InventoryDataEntity.cs:43) 1111
2025-07-31 10:54:38.9668 (InventoryDataEntity.cs:43) 1111
2025-07-31 10:54:40.0560 (C2G_BuildCenterRouteHandler.cs:38) 建立到中心服的路由成功: 2589455445152235520 CenterRouteId : 2589459860378615808
2025-07-31 10:54:43.9784 (InventoryDataEntity.cs:43) 1111
2025-07-31 10:54:45.1608 (PlayerBaseDataEntity.cs:40) Auto Save PlayerCoreDataEntity: 2589459860378615809
2025-07-31 10:54:45.1739 (InventoryDataEntity.cs:43) 1111
2025-07-31 10:54:45.1739 (InventoryDataEntity.cs:48)  Dirty : False
2025-07-31 10:54:45.1739 (InventoryDataEntity.cs:49) Auto Save InventoryDataEntity: 2589459860378615810
2025-07-31 10:54:48.9794 (InventoryDataEntity.cs:43) 1111
2025-07-31 10:54:50.1798 (InventoryDataEntity.cs:43) 1111
2025-07-31 10:54:53.9793 (InventoryDataEntity.cs:43) 1111
2025-07-31 10:54:55.1809 (InventoryDataEntity.cs:43) 1111
2025-07-31 10:54:58.9807 (InventoryDataEntity.cs:43) 1111
2025-07-31 10:55:00.1807 (InventoryDataEntity.cs:43) 1111
2025-07-31 10:55:29.8739 (C2G_BuildCenterRouteHandler.cs:38) 建立到中心服的路由成功: 2589020038547636224 CenterRouteId : 2589024453774016512
2025-07-31 10:55:35.0742 (PlayerBaseDataEntity.cs:40) Auto Save PlayerCoreDataEntity: 2589024453774016513
2025-07-31 10:55:35.0892 (InventoryDataEntity.cs:43) 1111
2025-07-31 10:55:35.0892 (InventoryDataEntity.cs:48)  Dirty : False
2025-07-31 10:55:35.0892 (InventoryDataEntity.cs:49) Auto Save InventoryDataEntity: 2589024453774016514
2025-07-31 10:55:40.0916 (InventoryDataEntity.cs:43) 1111
2025-07-31 10:55:45.0910 (InventoryDataEntity.cs:43) 1111
2025-07-31 10:55:50.0999 (InventoryDataEntity.cs:43) 1111
2025-07-31 10:55:55.1130 (InventoryDataEntity.cs:43) 1111
2025-07-31 10:56:00.1127 (InventoryDataEntity.cs:43) 1111
2025-07-31 10:56:00.1127 (InventoryDataEntity.cs:48)  Dirty : False
2025-07-31 10:56:00.1127 (InventoryDataEntity.cs:49) Auto Save InventoryDataEntity: 2589024453774016514
2025-07-31 10:56:05.1245 (InventoryDataEntity.cs:43) 1111
2025-07-31 10:56:10.1367 (InventoryDataEntity.cs:43) 1111
2025-07-31 10:56:15.1372 (InventoryDataEntity.cs:43) 1111
2025-07-31 10:57:08.4622 (C2G_BuildCenterRouteHandler.cs:38) 建立到中心服的路由成功: 2589044227803447296 CenterRouteId : 2589066235215872000
2025-07-31 10:57:13.6833 (PlayerBaseDataEntity.cs:40) Auto Save PlayerCoreDataEntity: 2589066235215872001
2025-07-31 10:57:13.6833 (InventoryDataEntity.cs:43) 1111
2025-07-31 10:57:13.6833 (InventoryDataEntity.cs:48)  Dirty : False
2025-07-31 10:57:13.6833 (InventoryDataEntity.cs:49) Auto Save InventoryDataEntity: 2589066235215872002
2025-07-31 10:57:54.4049 (C2G_BuildCenterRouteHandler.cs:38) 建立到中心服的路由成功: 2589024436594147328 CenterRouteId : 2589031050843783168
2025-07-31 10:58:02.8225 (PlayerBaseDataEntity.cs:20) Auto Save PlayerCoreDataEntity: 2589039846936805376
2025-07-31 10:58:02.9380 (InventoryDataEntity.cs:43) 1111
2025-07-31 10:58:02.9380 (InventoryDataEntity.cs:48)  Dirty : False
2025-07-31 10:58:02.9380 (InventoryDataEntity.cs:49) Auto Save InventoryDataEntity: 2589039846936805377
2025-07-31 10:58:07.9465 (InventoryDataEntity.cs:43) 1111
2025-07-31 10:58:07.9495 (InventoryDataEntity.cs:48)  Dirty : False
2025-07-31 10:58:07.9495 (InventoryDataEntity.cs:49) Auto Save InventoryDataEntity: 2589039846936805377
2025-07-31 10:58:12.9490 (InventoryDataEntity.cs:43) 1111
2025-07-31 10:58:17.9492 (InventoryDataEntity.cs:43) 1111
2025-07-31 10:58:22.9569 (InventoryDataEntity.cs:43) 1111
2025-07-31 10:58:27.9575 (InventoryDataEntity.cs:43) 1111
2025-07-31 10:58:32.9691 (InventoryDataEntity.cs:43) 1111
2025-07-31 10:58:36.2826 (C2G_BuildCenterRouteHandler.cs:38) 建立到中心服的路由成功: 2589118994594136064 CenterRouteId : 2589123409820516352
2025-07-31 10:58:37.9700 (InventoryDataEntity.cs:43) 1111
2025-07-31 10:58:41.3789 (PlayerBaseDataEntity.cs:40) Auto Save PlayerCoreDataEntity: 2589123409820516353
2025-07-31 10:58:41.3922 (InventoryDataEntity.cs:43) 1111
2025-07-31 10:58:41.3922 (InventoryDataEntity.cs:48)  Dirty : False
2025-07-31 10:58:41.3922 (InventoryDataEntity.cs:49) Auto Save InventoryDataEntity: 2589123409820516354
2025-07-31 10:58:42.9722 (InventoryDataEntity.cs:43) 1111
