2025-08-28 18:32:20.5721 (C2G_BuildCenterRouteHandler.cs:39) 建立到中心服的路由成功: 2589158577012736000 CenterRouteId : 2589160793215860736
2025-08-28 18:32:25.8623 (GameCoreDataEntity.cs:40) Auto Save PlayerCoreDataEntity: 2589162992239116288
2025-08-28 18:32:25.8751 (InventoryDataEntity.cs:42) 1111
2025-08-28 18:32:25.8751 (InventoryDataEntity.cs:47)  Dirty : False
2025-08-28 18:32:25.8751 (InventoryDataEntity.cs:48) Auto Save InventoryDataEntity: 2589162992239116289
2025-08-28 18:32:30.8794 (InventoryDataEntity.cs:42) 1111
2025-08-28 18:32:31.3855 (GameCoreDataEntity.cs:53) Dispose PlayerCoreDataEntity: 0
2025-08-28 18:32:31.3855 (InventoryDataEntity.cs:58) Dispose InventoryDataEntity: 0
2025-08-28 18:32:31.3855 (G2Center_DisposeCenterUnitHandler.cs:13) Dispose CenterUnit: 2589160793215860736
2025-08-28 18:41:00.7860 (C2G_BuildCenterRouteHandler.cs:39) 建立到中心服的路由成功: 2590249292547489792 CenterRouteId : 2590306484332003328
2025-08-28 18:41:05.8520 (GameCoreDataEntity.cs:40) Auto Save PlayerCoreDataEntity: 2590306484332003329
2025-08-28 18:41:05.8520 (InventoryDataEntity.cs:42) 1111
2025-08-28 18:41:05.8680 (InventoryDataEntity.cs:47)  Dirty : False
2025-08-28 18:41:05.8680 (InventoryDataEntity.cs:48) Auto Save InventoryDataEntity: 2590306484332003330
2025-08-28 18:41:08.9215 (GameCoreDataEntity.cs:53) Dispose PlayerCoreDataEntity: 0
2025-08-28 18:41:08.9215 (InventoryDataEntity.cs:58) Dispose InventoryDataEntity: 0
2025-08-28 18:41:08.9215 (G2Center_DisposeCenterUnitHandler.cs:13) Dispose CenterUnit: 2590306484332003328
2025-08-28 18:44:02.1487 (C2G_BuildCenterRouteHandler.cs:39) 建立到中心服的路由成功: 2590704490361389056 CenterRouteId : 2590704507541258240
2025-08-28 18:44:07.2243 (GameCoreDataEntity.cs:40) Auto Save PlayerCoreDataEntity: 2590704507541258241
2025-08-28 18:44:07.2385 (InventoryDataEntity.cs:42) 1111
2025-08-28 18:44:07.2429 (InventoryDataEntity.cs:47)  Dirty : False
2025-08-28 18:44:07.2429 (InventoryDataEntity.cs:48) Auto Save InventoryDataEntity: 2590704507541258242
2025-08-28 18:44:11.0139 (GameCoreDataEntity.cs:53) Dispose PlayerCoreDataEntity: 0
2025-08-28 18:44:11.0139 (InventoryDataEntity.cs:58) Dispose InventoryDataEntity: 0
2025-08-28 18:44:11.0139 (G2Center_DisposeCenterUnitHandler.cs:13) Dispose CenterUnit: 2590704507541258240
2025-08-28 18:45:02.0534 (C2G_BuildCenterRouteHandler.cs:39) 建立到中心服的路由成功: 2590836431756722176 CenterRouteId : 2590836448936591360
2025-08-28 18:45:07.1039 (GameCoreDataEntity.cs:40) Auto Save PlayerCoreDataEntity: 2590836448936591361
2025-08-28 18:45:07.1175 (InventoryDataEntity.cs:42) 1111
2025-08-28 18:45:07.1175 (InventoryDataEntity.cs:47)  Dirty : False
2025-08-28 18:45:07.1175 (InventoryDataEntity.cs:48) Auto Save InventoryDataEntity: 2590836448936591362
2025-08-28 18:45:12.1243 (InventoryDataEntity.cs:42) 1111
2025-08-28 18:45:17.1336 (InventoryDataEntity.cs:42) 1111
2025-08-28 18:45:22.1470 (InventoryDataEntity.cs:42) 1111
2025-08-28 18:45:27.1495 (InventoryDataEntity.cs:42) 1111
2025-08-28 18:45:32.1520 (InventoryDataEntity.cs:42) 1111
2025-08-28 18:45:37.1597 (InventoryDataEntity.cs:42) 1111
2025-08-28 18:45:42.1618 (InventoryDataEntity.cs:42) 1111
2025-08-28 18:45:47.1770 (InventoryDataEntity.cs:42) 1111
2025-08-28 18:45:52.1852 (InventoryDataEntity.cs:42) 1111
2025-08-28 18:45:57.1988 (InventoryDataEntity.cs:42) 1111
2025-08-28 18:46:02.2058 (InventoryDataEntity.cs:42) 1111
2025-08-28 18:46:04.6262 (GameCoreDataEntity.cs:53) Dispose PlayerCoreDataEntity: 0
2025-08-28 18:46:04.6262 (InventoryDataEntity.cs:58) Dispose InventoryDataEntity: 0
2025-08-28 18:46:04.6262 (G2Center_DisposeCenterUnitHandler.cs:13) Dispose CenterUnit: 2590836448936591360
2025-08-28 18:47:06.8285 (C2G_BuildCenterRouteHandler.cs:39) 建立到中心服的路由成功: 2591109110640410624 CenterRouteId : 2591111326843535360
2025-08-28 18:47:11.8950 (GameCoreDataEntity.cs:40) Auto Save PlayerCoreDataEntity: 2591111326843535361
2025-08-28 18:47:11.9005 (InventoryDataEntity.cs:42) 1111
2025-08-28 18:47:11.9005 (InventoryDataEntity.cs:47)  Dirty : False
2025-08-28 18:47:11.9005 (InventoryDataEntity.cs:48) Auto Save InventoryDataEntity: 2591111326843535362
2025-08-28 18:47:16.9114 (InventoryDataEntity.cs:42) 1111
2025-08-28 18:47:21.9182 (InventoryDataEntity.cs:42) 1111
2025-08-28 18:47:26.9253 (InventoryDataEntity.cs:42) 1111
2025-08-28 18:47:31.9262 (InventoryDataEntity.cs:42) 1111
2025-08-28 18:47:36.9280 (InventoryDataEntity.cs:42) 1111
2025-08-28 18:47:41.9272 (InventoryDataEntity.cs:42) 1111
2025-08-28 18:47:46.9280 (InventoryDataEntity.cs:42) 1111
2025-08-28 18:47:51.9285 (InventoryDataEntity.cs:42) 1111
2025-08-28 18:47:56.9284 (InventoryDataEntity.cs:42) 1111
2025-08-28 18:48:01.9289 (InventoryDataEntity.cs:42) 1111
2025-08-28 18:48:06.9290 (InventoryDataEntity.cs:42) 1111
2025-08-28 18:48:11.9293 (InventoryDataEntity.cs:42) 1111
2025-08-28 18:48:16.9303  1111
2025-08-28 18:48:21.9311  1111
2025-08-28 18:48:26.9319  1111
2025-08-28 18:48:31.9313  1111
2025-08-28 18:48:36.9330  1111
2025-08-28 18:48:41.9332  1111
2025-08-28 18:48:46.9332  1111
2025-08-28 18:48:51.9346  1111
2025-08-28 18:48:56.9351  1111
2025-08-28 18:49:01.9360  1111
2025-08-28 18:49:06.9372  1111
2025-08-28 18:49:11.9381  1111
2025-08-28 18:49:16.9388  1111
2025-08-28 18:49:21.9393  1111
2025-08-28 18:49:26.9392  1111
2025-08-28 18:49:31.9484  1111
2025-08-28 18:49:34.1804  Dispose PlayerCoreDataEntity: 0
2025-08-28 18:49:34.1804  Dispose InventoryDataEntity: 0
2025-08-28 18:49:34.1804  Dispose CenterUnit: 2591111326843535360
2025-08-28 18:49:47.3689  建立到中心服的路由成功: 2591463153384554496 CenterRouteId : 2591463170564423680
2025-08-28 18:49:52.4246  Auto Save PlayerCoreDataEntity: 2591465369587679232
2025-08-28 18:49:52.4343  1111
2025-08-28 18:49:52.4343   Dirty : False
2025-08-28 18:49:52.4343  Auto Save InventoryDataEntity: 2591465369587679233
2025-08-28 18:49:57.4444  1111
2025-08-28 18:50:02.4444  1111
2025-08-28 18:50:07.4448  1111
2025-08-28 18:50:12.4441  1111
2025-08-28 18:50:17.4458  1111
2025-08-28 18:50:22.4453  1111
2025-08-28 18:50:27.4455  1111
2025-08-28 18:50:32.4464  1111
2025-08-28 18:50:37.4469  1111
2025-08-28 18:50:42.4474  1111
2025-08-28 18:50:47.4479  1111
2025-08-28 18:50:52.4477  1111
2025-08-28 18:50:57.4475  1111
2025-08-28 18:51:02.4471  1111
2025-08-28 18:51:07.4473  1111
2025-08-28 18:51:12.4481  1111
2025-08-28 18:51:17.4487  1111
2025-08-28 18:51:22.4495  1111
