2025-08-23 20:23:38.6109  建立到中心服的路由成功: 2602031659150737408 CenterRouteId : 2602033875353862144
2025-08-23 20:23:43.6901  Auto Save PlayerCoreDataEntity: 2602033875353862145
2025-08-23 20:23:43.6901  1111
2025-08-23 20:23:43.6901   Dirty : False
2025-08-23 20:23:43.6901  Auto Save InventoryDataEntity: 2602033875353862146
2025-08-23 20:23:48.7025  1111
2025-08-23 20:23:49.1378  Dispose PlayerCoreDataEntity: 0
2025-08-23 20:23:49.1378  Dispose InventoryDataEntity: 0
2025-08-23 20:23:49.1378  Dispose CenterUnit: 2602033875353862144
2025-08-23 20:27:20.2728  建立到中心服的路由成功: 2602519842313469952 CenterRouteId : 2602519859493339136
2025-08-23 20:27:25.3214  Auto Save PlayerCoreDataEntity: 2602519859493339137
2025-08-23 20:27:25.3351  1111
2025-08-23 20:27:25.3351   Dirty : False
2025-08-23 20:27:25.3351  Auto Save InventoryDataEntity: 2602519859493339138
2025-08-23 20:27:30.3365  1111
2025-08-23 20:27:33.7978  Dispose PlayerCoreDataEntity: 0
2025-08-23 20:27:33.7978  Dispose InventoryDataEntity: 0
2025-08-23 20:27:33.7978  Dispose CenterUnit: 2602519859493339136
2025-08-23 20:28:07.8135  建立到中心服的路由成功: 2602623196406480896 CenterRouteId : 2602625412609605632
2025-08-23 20:28:12.8745  Auto Save PlayerCoreDataEntity: 2602625412609605633
2025-08-23 20:28:12.8881  1111
2025-08-23 20:28:12.8881   Dirty : False
2025-08-23 20:28:12.8881  Auto Save InventoryDataEntity: 2602625412609605634
2025-08-23 20:28:17.8894  1111
2025-08-23 20:28:20.9848  Dispose PlayerCoreDataEntity: 0
2025-08-23 20:28:20.9848  Dispose InventoryDataEntity: 0
2025-08-23 20:28:20.9848  Dispose CenterUnit: 2602625412609605632
2025-08-23 20:30:29.5726  建立到中心服的路由成功: 2602933258685513728 CenterRouteId : 2602937673911894016
2025-08-23 20:30:34.6237  Auto Save PlayerCoreDataEntity: 2602937673911894017
2025-08-23 20:30:34.6372  1111
2025-08-23 20:30:34.6372   Dirty : False
2025-08-23 20:30:34.6372  Auto Save InventoryDataEntity: 2602937673911894018
2025-08-23 20:30:39.6385  1111
2025-08-23 20:30:42.0271  Dispose PlayerCoreDataEntity: 0
2025-08-23 20:30:42.0271  Dispose InventoryDataEntity: 0
2025-08-23 20:30:42.0271  Dispose CenterUnit: 2602937673911894016
2025-08-23 20:32:40.5010  建立到中心服的路由成功: 2603221330731991040 CenterRouteId : 2603225745958371328
2025-08-23 20:32:45.5616  Auto Save PlayerCoreDataEntity: 2603225745958371329
2025-08-23 20:32:45.5738  1111
2025-08-23 20:32:45.5738   Dirty : False
2025-08-23 20:32:45.5738  Auto Save InventoryDataEntity: 2603225745958371330
2025-08-23 20:32:50.5768  1111
2025-08-23 20:32:55.5881  1111
2025-08-23 20:33:00.5898  1111
2025-08-23 20:33:05.5892  1111
2025-08-23 20:33:10.5911  1111
2025-08-23 20:33:15.5928  1111
2025-08-23 20:33:20.5920  1111
2025-08-23 20:33:22.2464  Dispose PlayerCoreDataEntity: 0
2025-08-23 20:33:22.2464  Dispose InventoryDataEntity: 0
2025-08-23 20:33:22.2464  Dispose CenterUnit: 2603225745958371328
2025-08-23 20:33:54.6678  建立到中心服的路由成功: 2603386257476157440 CenterRouteId : 2603388473679282176
2025-08-23 20:33:59.7332  Auto Save PlayerCoreDataEntity: 2603388473679282177
2025-08-23 20:33:59.7394  1111
2025-08-23 20:33:59.7394   Dirty : False
2025-08-23 20:33:59.7394  Auto Save InventoryDataEntity: 2603388473679282178
2025-08-23 20:34:04.7536  1111
2025-08-23 20:34:05.2221  Dispose PlayerCoreDataEntity: 0
2025-08-23 20:34:05.2221  Dispose InventoryDataEntity: 0
2025-08-23 20:34:05.2221  Dispose CenterUnit: 2603388473679282176
2025-08-23 20:34:15.5326  建立到中心服的路由成功: 2603430237941268480 CenterRouteId : 2603434653167648768
2025-08-23 20:34:20.5853  Auto Save PlayerCoreDataEntity: 2603434653167648769
2025-08-23 20:34:20.5987  1111
2025-08-23 20:34:20.5987   Dirty : False
2025-08-23 20:34:20.5987  Auto Save InventoryDataEntity: 2603434653167648770
2025-08-23 20:34:25.6071  1111
2025-08-23 20:34:25.6071   Dirty : False
2025-08-23 20:34:25.6071  Auto Save InventoryDataEntity: 2603434653167648770
2025-08-23 20:34:30.6142  1111
2025-08-23 20:34:31.5651  Dispose PlayerCoreDataEntity: 0
2025-08-23 20:34:31.5651  Dispose InventoryDataEntity: 0
2025-08-23 20:34:31.5651  Dispose CenterUnit: 2603434653167648768
