2025-08-23 19:02:23.5523 (C2G_BuildCenterRouteHandler.cs:39) 建立到中心服的路由成功: 2591309221756665856 CenterRouteId : 2591313636983046144
2025-08-23 19:02:28.6129 (GameCoreDataEntity.cs:40) Auto Save PlayerCoreDataEntity: 2591313636983046145
2025-08-23 19:02:28.6129 (InventoryDataEntity.cs:42) 1111
2025-08-23 19:02:28.6129 (InventoryDataEntity.cs:47)  Dirty : False
2025-08-23 19:02:28.6129 (InventoryDataEntity.cs:48) Auto Save InventoryDataEntity: 2591313636983046146
2025-08-23 19:02:33.6157 (InventoryDataEntity.cs:42) 1111
2025-08-23 19:02:38.6150 (InventoryDataEntity.cs:42) 1111
2025-08-23 19:02:40.6919 (GameCoreDataEntity.cs:53) Dispose PlayerCoreDataEntity: 0
2025-08-23 19:02:40.6919 (InventoryDataEntity.cs:58) Dispose InventoryDataEntity: 0
2025-08-23 19:02:40.6919 (G2Center_DisposeCenterUnitHandler.cs:13) Dispose CenterUnit: 2591313636983046144
2025-08-23 19:03:45.5622 (C2G_BuildCenterRouteHandler.cs:39) 建立到中心服的路由成功: 2591364197338054656 CenterRouteId : 2591493956890001408
2025-08-23 19:03:50.7488 (GameCoreDataEntity.cs:40) Auto Save PlayerCoreDataEntity: 2591493956890001409
2025-08-23 19:03:50.7628 (InventoryDataEntity.cs:42) 1111
2025-08-23 19:03:50.7628 (InventoryDataEntity.cs:47)  Dirty : False
2025-08-23 19:03:50.7628 (InventoryDataEntity.cs:48) Auto Save InventoryDataEntity: 2591493956890001410
2025-08-23 19:03:55.7627 (InventoryDataEntity.cs:42) 1111
2025-08-23 19:03:56.2111 (GameCoreDataEntity.cs:53) Dispose PlayerCoreDataEntity: 0
2025-08-23 19:03:56.2111 (InventoryDataEntity.cs:58) Dispose InventoryDataEntity: 0
2025-08-23 19:03:56.2111 (G2Center_DisposeCenterUnitHandler.cs:13) Dispose CenterUnit: 2591493956890001408
2025-08-23 19:04:11.6529 (C2G_BuildCenterRouteHandler.cs:39) 建立到中心服的路由成功: 2591548915291521024 CenterRouteId : 2591551131494645760
2025-08-23 19:04:16.7771 (GameCoreDataEntity.cs:40) Auto Save PlayerCoreDataEntity: 2591551131494645761
2025-08-23 19:04:16.7895 (InventoryDataEntity.cs:42) 1111
2025-08-23 19:04:16.7895 (InventoryDataEntity.cs:47)  Dirty : False
2025-08-23 19:04:16.7895 (InventoryDataEntity.cs:48) Auto Save InventoryDataEntity: 2591551131494645762
2025-08-23 19:04:21.7908 (InventoryDataEntity.cs:42) 1111
2025-08-23 19:04:25.0971 (GameCoreDataEntity.cs:53) Dispose PlayerCoreDataEntity: 0
2025-08-23 19:04:25.0971 (InventoryDataEntity.cs:58) Dispose InventoryDataEntity: 0
2025-08-23 19:04:25.0971 (G2Center_DisposeCenterUnitHandler.cs:13) Dispose CenterUnit: 2591551131494645760
2025-08-23 19:06:35.6294 (C2G_BuildCenterRouteHandler.cs:39) 建立到中心服的路由成功: 2591867773663576064 CenterRouteId : 2591867790843445248
2025-08-23 19:06:40.6977 (GameCoreDataEntity.cs:40) Auto Save PlayerCoreDataEntity: 2591867790843445249
2025-08-23 19:06:40.7127 (InventoryDataEntity.cs:42) 1111
2025-08-23 19:06:40.7127 (InventoryDataEntity.cs:47)  Dirty : False
2025-08-23 19:06:40.7127 (InventoryDataEntity.cs:48) Auto Save InventoryDataEntity: 2591867790843445250
2025-08-23 19:06:45.7123 (InventoryDataEntity.cs:42) 1111
2025-08-23 19:06:49.1820 (GameCoreDataEntity.cs:53) Dispose PlayerCoreDataEntity: 0
2025-08-23 19:06:49.1820 (InventoryDataEntity.cs:58) Dispose InventoryDataEntity: 0
2025-08-23 19:06:49.1820 (G2Center_DisposeCenterUnitHandler.cs:13) Dispose CenterUnit: 2591867790843445248
2025-08-23 19:17:41.4399  建立到中心服的路由成功: 2593330124128518144 CenterRouteId : 2593330141308387328
2025-08-23 19:17:46.5605  Auto Save PlayerCoreDataEntity: 2593332340331642880
2025-08-23 19:17:46.5734  1111
2025-08-23 19:17:46.5734   Dirty : False
2025-08-23 19:17:46.5734  Auto Save InventoryDataEntity: 2593332340331642881
2025-08-23 19:17:51.5743  1111
2025-08-23 19:17:56.5742  1111
2025-08-23 19:18:01.5751  1111
2025-08-23 19:18:06.5752  1111
2025-08-23 19:18:11.5758  1111
2025-08-23 19:18:16.5764  1111
2025-08-23 19:18:21.5762  1111
2025-08-23 19:18:26.5764  1111
2025-08-23 19:18:31.5767  1111
2025-08-23 19:18:36.5770  1111
2025-08-23 19:18:41.5774  1111
2025-08-23 19:18:46.5779  1111
2025-08-23 19:18:50.0589  Dispose PlayerCoreDataEntity: 0
2025-08-23 19:18:50.0589  Dispose InventoryDataEntity: 0
2025-08-23 19:18:50.0589  Dispose CenterUnit: 2593330141308387328
2025-08-23 19:26:45.1766  建立到中心服的路由成功: 2594526392779538432 CenterRouteId : 2594526409959407616
2025-08-23 19:26:50.2966  Auto Save PlayerCoreDataEntity: 2594526409959407617
2025-08-23 19:26:50.3100  1111
2025-08-23 19:26:50.3100   Dirty : False
2025-08-23 19:26:50.3100  Auto Save InventoryDataEntity: 2594526409959407618
2025-08-23 19:26:55.3118  1111
2025-08-23 19:26:58.5636  Dispose PlayerCoreDataEntity: 0
2025-08-23 19:26:58.5636  Dispose InventoryDataEntity: 0
2025-08-23 19:26:58.5636  Dispose CenterUnit: 2594526409959407616
2025-08-23 19:27:43.2368  建立到中心服的路由成功: 2594653936128360448 CenterRouteId : 2594653953308229632
2025-08-23 19:27:48.2904  Auto Save PlayerCoreDataEntity: 2594653953308229633
2025-08-23 19:27:48.3037  1111
2025-08-23 19:27:48.3037   Dirty : False
2025-08-23 19:27:48.3037  Auto Save InventoryDataEntity: 2594653953308229634
2025-08-23 19:27:53.3171  1111
2025-08-23 19:27:53.3171   Dirty : False
2025-08-23 19:27:53.3171  Auto Save InventoryDataEntity: 2594653953308229634
2025-08-23 19:27:58.3209  1111
2025-08-23 19:28:03.3217  1111
2025-08-23 19:28:08.3236  1111
2025-08-23 19:28:08.3326   Dirty : False
2025-08-23 19:28:08.3326  Auto Save InventoryDataEntity: 2594653953308229634
2025-08-23 19:28:13.3269  1111
2025-08-23 19:28:18.3388  1111
2025-08-23 19:28:23.3499  1111
2025-08-23 19:28:28.3544  1111
2025-08-23 19:28:31.8495  Dispose PlayerCoreDataEntity: 0
2025-08-23 19:28:31.8495  Dispose InventoryDataEntity: 0
2025-08-23 19:28:31.8495  Dispose CenterUnit: 2594653953308229632
2025-08-23 19:29:42.3215  建立到中心服的路由成功: 2594915619895771136 CenterRouteId : 2594915637075640320
2025-08-23 19:29:47.3823  Auto Save PlayerCoreDataEntity: 2594915637075640321
2025-08-23 19:29:47.3970  1111
2025-08-23 19:29:47.4096   Dirty : False
2025-08-23 19:29:47.4096  Auto Save InventoryDataEntity: 2594915637075640322
2025-08-23 19:29:52.4013  1111
2025-08-23 19:29:57.4103  1111
2025-08-23 19:30:02.4169  1111
2025-08-23 19:30:07.4199  1111
2025-08-23 19:30:12.4271  1111
2025-08-23 19:30:15.8957  Dispose PlayerCoreDataEntity: 0
2025-08-23 19:30:15.8957  Dispose InventoryDataEntity: 0
2025-08-23 19:30:15.8957  Dispose CenterUnit: 2594915637075640320
