2025-08-29 18:00:02.4787  1111
2025-08-29 18:00:07.4786  1111
2025-08-29 18:00:12.4790  1111
2025-08-29 18:00:17.4808  1111
2025-08-29 18:00:22.4801  1111
2025-08-29 18:00:27.4803  1111
2025-08-29 18:00:32.4801  1111
2025-08-29 18:00:37.4809  1111
2025-08-29 18:00:42.4805  1111
2025-08-29 18:00:47.4825  1111
2025-08-29 18:00:52.4833  1111
2025-08-29 18:00:57.4830  1111
2025-08-29 18:01:02.4845  1111
2025-08-29 18:01:07.4840  1111
2025-08-29 18:01:12.4860  1111
2025-08-29 18:01:17.4860  1111
2025-08-29 18:01:22.4872  1111
2025-08-29 18:01:27.4888  1111
2025-08-29 18:01:32.4888  1111
2025-08-29 18:01:37.4892  1111
2025-08-29 18:01:42.4900  1111
2025-08-29 18:01:47.4907  1111
2025-08-29 18:01:52.4901  1111
2025-08-29 18:01:57.4912  1111
2025-08-29 18:02:02.4919  1111
2025-08-29 18:02:07.4918  1111
2025-08-29 18:02:12.4920  1111
2025-08-29 18:02:17.4921  1111
2025-08-29 18:02:22.4921  1111
2025-08-29 18:02:27.4934  1111
2025-08-29 18:02:32.4936  1111
2025-08-29 18:02:37.4944  1111
2025-08-29 18:02:42.4942  1111
2025-08-29 18:02:47.4953  1111
2025-08-29 18:02:52.4966  1111
2025-08-29 18:02:57.4979  1111
2025-08-29 18:03:02.4974  1111
2025-08-29 18:03:07.4981  1111
2025-08-29 18:03:12.4988  1111
2025-08-29 18:03:17.4995  1111
2025-08-29 18:03:22.5000  1111
2025-08-29 18:03:27.5009  1111
2025-08-29 18:03:32.5019  1111
2025-08-29 18:03:37.5017  1111
2025-08-29 18:03:42.5023  1111
2025-08-29 18:03:47.5036  1111
2025-08-29 18:03:52.5039  1111
2025-08-29 18:03:57.5039  1111
2025-08-29 18:04:02.5052  1111
2025-08-29 18:04:07.5068  1111
2025-08-29 18:04:12.5060  1111
2025-08-29 18:04:17.5066  1111
2025-08-29 18:04:22.5075  1111
2025-08-29 18:04:27.5083  1111
2025-08-29 18:04:32.5099  1111
2025-08-29 18:04:37.5093  1111
2025-08-29 18:04:42.5107  1111
2025-08-29 18:04:47.5103  1111
2025-08-29 18:04:52.5114  1111
2025-08-29 18:04:57.5128  1111
2025-08-29 18:05:02.5132  1111
2025-08-29 18:05:07.5134  1111
2025-08-29 18:05:12.5182  1111
2025-08-29 18:05:17.5195  1111
2025-08-29 18:05:22.5206  1111
2025-08-29 18:05:27.5200  1111
2025-08-29 18:05:32.5202  1111
2025-08-29 18:05:37.5203  1111
2025-08-29 18:05:42.5209  1111
2025-08-29 18:05:47.5213  1111
2025-08-29 18:05:52.5210  1111
2025-08-29 18:05:57.5215  1111
2025-08-29 18:06:02.5225  1111
2025-08-29 18:06:07.5393  1111
2025-08-29 18:06:12.5401  1111
2025-08-29 18:06:17.5406  1111
2025-08-29 18:06:22.5412  1111
2025-08-29 18:06:27.5419  1111
2025-08-29 18:06:32.5433  1111
2025-08-29 18:06:33.9749  Dispose PlayerCoreDataEntity: 0
2025-08-29 18:06:33.9749  Dispose InventoryDataEntity: 0
2025-08-29 18:06:33.9749  Dispose FarmlandDataEntityEntity: 0
2025-08-29 18:06:33.9749  Dispose CenterUnit: 2610060310236626944
2025-08-29 18:06:52.1017  建立到中心服的路由成功: 2613284061149396992 CenterRouteId : 2613284078329266176
2025-08-29 18:06:57.1718  Auto Save PlayerCoreDataEntity: 2613284078329266177
2025-08-29 18:06:57.1718  1111
2025-08-29 18:06:57.1718   Dirty : False
2025-08-29 18:06:57.1718  Auto Save InventoryDataEntity: 2613284078329266178
2025-08-29 18:07:02.1725  1111
2025-08-29 18:07:07.1720  1111
2025-08-29 18:07:12.1737  1111
2025-08-29 18:07:17.1741  1111
2025-08-29 18:07:22.1747  1111
2025-08-29 18:07:27.1755  1111
2025-08-29 18:07:32.1754  1111
2025-08-29 18:07:37.1755  1111
2025-08-29 18:07:42.1766  1111
2025-08-29 18:07:47.1770  1111
2025-08-29 18:07:52.1775  1111
2025-08-29 18:07:57.1783  1111
2025-08-29 18:08:02.1798  1111
2025-08-29 18:08:04.1456  Dispose PlayerCoreDataEntity: 0
2025-08-29 18:08:04.1456  Dispose InventoryDataEntity: 0
2025-08-29 18:08:04.1456  Dispose CenterUnit: 2613284078329266176
2025-08-29 18:08:18.8239  建立到中心服的路由成功: 2613470978126118912 CenterRouteId : 2613475393352499200
2025-08-29 18:08:23.9022  Auto Save PlayerCoreDataEntity: 2613475393352499201
2025-08-29 18:08:23.9094  1111
2025-08-29 18:08:23.9094   Dirty : False
2025-08-29 18:08:23.9094  Auto Save InventoryDataEntity: 2613475393352499202
2025-08-29 18:08:28.9099  1111
2025-08-29 18:08:30.2750  Dispose PlayerCoreDataEntity: 0
2025-08-29 18:08:30.2750  Dispose InventoryDataEntity: 0
2025-08-29 18:08:30.2750  Dispose CenterUnit: 2613475393352499200
2025-08-29 18:34:12.8644  建立到中心服的路由成功: 2616892658311757824 CenterRouteId : 2616892675491627008
2025-08-29 18:34:17.9197  Auto Save PlayerCoreDataEntity: 2616892675491627009
2025-08-29 18:34:17.9265  1111
2025-08-29 18:34:17.9265   Dirty : False
2025-08-29 18:34:17.9265  Auto Save InventoryDataEntity: 2616892675491627010
2025-08-29 18:34:22.9266  1111
2025-08-29 18:34:27.9277  1111
2025-08-29 18:34:32.9270  1111
2025-08-29 18:34:37.9276  1111
2025-08-29 18:34:41.7375  Dispose PlayerCoreDataEntity: 0
2025-08-29 18:34:41.7375  Dispose InventoryDataEntity: 0
2025-08-29 18:34:41.7375  Dispose CenterUnit: 2616892675491627008
2025-08-29 18:35:27.6659  建立到中心服的路由成功: 2617057585055924224 CenterRouteId : 2617057602235793408
2025-08-29 18:35:32.7130  Auto Save PlayerCoreDataEntity: 2617057602235793409
2025-08-29 18:35:32.7130  1111
2025-08-29 18:35:32.7130   Dirty : False
2025-08-29 18:35:32.7130  Auto Save InventoryDataEntity: 2617057602235793410
2025-08-29 18:35:33.3707  Dispose PlayerCoreDataEntity: 0
2025-08-29 18:35:33.3707  Dispose InventoryDataEntity: 0
2025-08-29 18:35:33.3707  Dispose CenterUnit: 2617057602235793408
2025-08-29 18:36:03.0624  建立到中心服的路由成功: 2617134550869868544 CenterRouteId : 2617134568049737728
2025-08-29 18:36:08.1291  Auto Save PlayerCoreDataEntity: 2617134568049737729
2025-08-29 18:36:08.1291  1111
2025-08-29 18:36:08.1291   Dirty : False
2025-08-29 18:36:08.1291  Auto Save InventoryDataEntity: 2617134568049737730
2025-08-29 18:36:09.3643  Dispose PlayerCoreDataEntity: 0
2025-08-29 18:36:09.3643  Dispose InventoryDataEntity: 0
2025-08-29 18:36:09.3643  Dispose CenterUnit: 2617134568049737728
2025-08-29 18:37:53.7819  建立到中心服的路由成功: 2617376443427979264 CenterRouteId : 2617378659631104000
2025-08-29 18:38:00.3626  Auto Save PlayerCoreDataEntity: 2617383057677615104
2025-08-29 18:38:00.3626  1111
2025-08-29 18:38:00.3626   Dirty : False
2025-08-29 18:38:00.3626  Auto Save InventoryDataEntity: 2617383057677615105
2025-08-29 18:38:00.3626  Auto Save FarmlandDataEntityEntity: 2617383057677615106
2025-08-29 18:38:05.3765  1111
2025-08-29 18:38:10.3835  1111
2025-08-29 18:38:15.3881  1111
2025-08-29 18:38:20.3964  1111
2025-08-29 18:38:21.3953  Dispose PlayerCoreDataEntity: 0
2025-08-29 18:38:21.3953  Dispose InventoryDataEntity: 0
2025-08-29 18:38:21.3953  Dispose FarmlandDataEntityEntity: 0
2025-08-29 18:38:21.3953  Dispose CenterUnit: 2617378659631104000
2025-08-29 18:38:36.3821 (C2G_BuildCenterRouteHandler.cs:39) 建立到中心服的路由成功: 2589017839524380672 CenterRouteId : 2589020055727505408
2025-08-29 18:38:42.6826 (GameCoreDataEntity.cs:20) Auto Save PlayerCoreDataEntity: 2589022254750760960
2025-08-29 18:38:42.8028 (InventoryDataEntity.cs:42) 1111
2025-08-29 18:38:42.8028 (InventoryDataEntity.cs:47)  Dirty : False
2025-08-29 18:38:42.8028 (InventoryDataEntity.cs:48) Auto Save InventoryDataEntity: 2589022254750760961
2025-08-29 18:38:42.8028 (FarmlandDataEntity.cs:23) Auto Save FarmlandDataEntityEntity: 2589024453774016512
2025-08-29 18:38:47.8023 (InventoryDataEntity.cs:42) 1111
2025-08-29 18:38:52.8076 (InventoryDataEntity.cs:42) 1111
2025-08-29 18:38:52.8155 (InventoryDataEntity.cs:47)  Dirty : False
2025-08-29 18:38:52.8155 (InventoryDataEntity.cs:48) Auto Save InventoryDataEntity: 2589022254750760961
2025-08-29 18:38:57.8210 (InventoryDataEntity.cs:42) 1111
2025-08-29 18:38:57.8210 (InventoryDataEntity.cs:47)  Dirty : False
2025-08-29 18:38:57.8210 (InventoryDataEntity.cs:48) Auto Save InventoryDataEntity: 2589022254750760961
2025-08-29 18:39:02.8326 (InventoryDataEntity.cs:42) 1111
2025-08-29 18:39:02.8326 (InventoryDataEntity.cs:47)  Dirty : False
2025-08-29 18:39:02.8326 (InventoryDataEntity.cs:48) Auto Save InventoryDataEntity: 2589022254750760961
2025-08-29 18:39:02.8501 (FarmlandDataEntity.cs:23) Auto Save FarmlandDataEntityEntity: 2589024453774016512
2025-08-29 18:39:07.8348 (InventoryDataEntity.cs:42) 1111
2025-08-29 18:39:12.8387 (InventoryDataEntity.cs:42) 1111
2025-08-29 18:39:15.0652 (GameCoreDataEntity.cs:53) Dispose PlayerCoreDataEntity: 0
2025-08-29 18:39:15.0652 (InventoryDataEntity.cs:58) Dispose InventoryDataEntity: 0
2025-08-29 18:39:15.0652 (FarmlandDataEntity.cs:56) Dispose FarmlandDataEntityEntity: 0
2025-08-29 18:39:15.0652 (G2Center_DisposeCenterUnitHandler.cs:13) Dispose CenterUnit: 2589020055727505408
