2025-08-29 17:00:03.2881  1111
2025-08-29 17:00:08.3014  1111
2025-08-29 17:00:13.3104  1111
2025-08-29 17:00:18.3130  1111
2025-08-29 17:00:23.3133  1111
2025-08-29 17:00:28.3207  1111
2025-08-29 17:00:33.3202  1111
2025-08-29 17:00:38.3215  1111
2025-08-29 17:00:43.3221  1111
2025-08-29 17:00:48.3226  1111
2025-08-29 17:00:53.3224  1111
2025-08-29 17:00:58.3232  1111
2025-08-29 17:01:03.3235  1111
2025-08-29 17:01:08.3230  1111
2025-08-29 17:01:13.3251  1111
2025-08-29 17:01:18.3273  1111
2025-08-29 17:01:23.3275  1111
2025-08-29 17:01:28.3271  1111
2025-08-29 17:01:33.3276  1111
2025-08-29 17:01:38.3287  1111
2025-08-29 17:01:43.3286  1111
2025-08-29 17:01:48.3299  1111
2025-08-29 17:01:53.3296  1111
2025-08-29 17:01:58.3303  1111
2025-08-29 17:02:03.3308  1111
2025-08-29 17:02:08.3305  1111
2025-08-29 17:02:13.3306  1111
2025-08-29 17:02:18.3307  1111
2025-08-29 17:02:23.3300  1111
2025-08-29 17:02:28.3304  1111
2025-08-29 17:02:33.3311  1111
2025-08-29 17:02:38.3325  1111
2025-08-29 17:02:43.3323  1111
2025-08-29 17:02:48.3329  1111
2025-08-29 17:02:53.3321  1111
2025-08-29 17:02:58.3329  1111
2025-08-29 17:03:03.3321  1111
2025-08-29 17:03:08.3326  1111
2025-08-29 17:03:13.3334  1111
2025-08-29 17:03:18.3333  1111
2025-08-29 17:03:23.3340  1111
2025-08-29 17:03:28.3349  1111
2025-08-29 17:03:33.3352  1111
2025-08-29 17:03:38.3370  1111
2025-08-29 17:03:43.3374  1111
2025-08-29 17:03:48.3372  1111
2025-08-29 17:03:53.3381  1111
2025-08-29 17:03:58.3386  1111
2025-08-29 17:04:03.3390  1111
2025-08-29 17:04:08.3396  1111
2025-08-29 17:04:13.3408  1111
2025-08-29 17:04:18.3400  1111
2025-08-29 17:04:23.3481  1111
2025-08-29 17:04:28.3483  1111
2025-08-29 17:04:33.3485  1111
2025-08-29 17:04:38.3494  1111
2025-08-29 17:04:43.3495  1111
2025-08-29 17:04:48.3496  1111
2025-08-29 17:04:53.3492  1111
2025-08-29 17:04:58.3490  1111
2025-08-29 17:05:03.3493  1111
2025-08-29 17:05:08.3495  1111
2025-08-29 17:05:13.3513  1111
2025-08-29 17:05:18.3515  1111
2025-08-29 17:05:23.3534  1111
2025-08-29 17:05:28.3536  1111
2025-08-29 17:05:33.3538  1111
2025-08-29 17:05:38.3531  1111
2025-08-29 17:05:43.3550  1111
2025-08-29 17:05:48.3553  1111
2025-08-29 17:05:53.3555  1111
2025-08-29 17:05:58.3550  1111
2025-08-29 17:06:03.3560  1111
2025-08-29 17:06:08.3561  1111
2025-08-29 17:06:13.3560  1111
2025-08-29 17:06:18.3571  1111
2025-08-29 17:06:23.3579  1111
2025-08-29 17:06:28.3580  1111
2025-08-29 17:06:33.3586  1111
2025-08-29 17:06:38.3580  1111
2025-08-29 17:06:43.3582  1111
2025-08-29 17:06:48.3590  1111
2025-08-29 17:06:53.3593  1111
2025-08-29 17:06:58.3593  1111
2025-08-29 17:07:03.3607  1111
2025-08-29 17:07:08.3621  1111
2025-08-29 17:07:13.3631  1111
2025-08-29 17:07:18.3643  1111
2025-08-29 17:07:23.3644  1111
2025-08-29 17:07:28.3645  1111
2025-08-29 17:07:33.3642  1111
2025-08-29 17:07:38.3654  1111
2025-08-29 17:07:43.3657  1111
2025-08-29 17:07:48.3693  1111
2025-08-29 17:07:53.3715  1111
2025-08-29 17:07:58.3732  1111
2025-08-29 17:08:03.3738  1111
2025-08-29 17:08:08.3740  1111
2025-08-29 17:08:13.3748  1111
2025-08-29 17:08:18.3745  1111
2025-08-29 17:08:23.3744  1111
2025-08-29 17:08:28.3741  1111
2025-08-29 17:08:33.3758  1111
2025-08-29 17:08:38.3770  1111
2025-08-29 17:08:43.3786  1111
2025-08-29 17:08:48.3785  1111
2025-08-29 17:08:53.3780  1111
2025-08-29 17:08:58.3791  1111
2025-08-29 17:09:03.3800  1111
2025-08-29 17:09:08.3815  1111
2025-08-29 17:09:13.3824  1111
2025-08-29 17:09:18.3823  1111
2025-08-29 17:09:23.3825  1111
2025-08-29 17:09:28.3828  1111
2025-08-29 17:09:33.3820  1111
2025-08-29 17:09:38.3834  1111
2025-08-29 17:09:43.3831  1111
2025-08-29 17:09:48.3841  1111
2025-08-29 17:09:53.3854  1111
2025-08-29 17:09:58.3857  1111
2025-08-29 17:10:03.3860  1111
2025-08-29 17:10:08.3882  1111
2025-08-29 17:10:13.3889  1111
2025-08-29 17:10:18.3885  1111
2025-08-29 17:10:23.3896  1111
2025-08-29 17:10:28.3903  1111
2025-08-29 17:10:33.3906  1111
2025-08-29 17:10:38.3904  1111
2025-08-29 17:10:43.3905  1111
2025-08-29 17:10:48.3907  1111
2025-08-29 17:10:53.3915  1111
2025-08-29 17:10:58.3916  1111
2025-08-29 17:11:03.3927  1111
2025-08-29 17:11:08.3930  1111
2025-08-29 17:11:13.3942  1111
2025-08-29 17:11:18.3918  1111
2025-08-29 17:11:23.3949  1111
2025-08-29 17:11:28.3943  1111
2025-08-29 17:11:33.3952  1111
2025-08-29 17:11:38.3970  1111
2025-08-29 17:11:43.3976  1111
2025-08-29 17:11:48.3912  1111
2025-08-29 17:11:53.3971  1111
2025-08-29 17:11:58.3985  1111
2025-08-29 17:12:03.3990  1111
2025-08-29 17:12:08.3993  1111
2025-08-29 17:12:13.3993  1111
2025-08-29 17:12:18.3913  1111
2025-08-29 17:12:23.4008  1111
2025-08-29 17:12:28.4017  1111
2025-08-29 17:12:33.4013  1111
2025-08-29 17:12:38.4025  1111
2025-08-29 17:12:43.4032  1111
2025-08-29 17:12:48.3924  1111
2025-08-29 17:12:53.4055  1111
2025-08-29 17:12:58.4061  1111
2025-08-29 17:13:03.4077  1111
2025-08-29 17:13:08.4072  1111
2025-08-29 17:13:13.4075  1111
2025-08-29 17:13:18.4075  1111
2025-08-29 17:13:23.4079  1111
2025-08-29 17:13:28.4076  1111
2025-08-29 17:13:33.4088  1111
2025-08-29 17:13:38.4080  1111
2025-08-29 17:13:43.4089  1111
2025-08-29 17:13:48.4082  1111
2025-08-29 17:13:53.4089  1111
2025-08-29 17:13:58.4096  1111
2025-08-29 17:14:03.4096  1111
2025-08-29 17:14:08.4107  1111
2025-08-29 17:14:13.4107  1111
2025-08-29 17:14:18.4107  1111
2025-08-29 17:14:23.4113  1111
2025-08-29 17:14:28.4117  1111
2025-08-29 17:14:33.4114  1111
2025-08-29 17:14:38.4111  1111
2025-08-29 17:14:43.4121  1111
2025-08-29 17:14:48.4140  1111
2025-08-29 17:14:53.4155  1111
2025-08-29 17:14:58.4168  1111
2025-08-29 17:15:03.4169  1111
2025-08-29 17:15:08.4179  1111
2025-08-29 17:15:13.4180  1111
2025-08-29 17:15:18.4190  1111
2025-08-29 17:15:23.4194  1111
2025-08-29 17:15:28.4190  1111
2025-08-29 17:15:33.4210  1111
2025-08-29 17:15:38.4214  1111
2025-08-29 17:15:43.4213  1111
2025-08-29 17:15:48.4210  1111
2025-08-29 17:15:53.4218  1111
2025-08-29 17:15:58.4213  1111
2025-08-29 17:16:03.4215  1111
2025-08-29 17:16:08.4211  1111
2025-08-29 17:16:13.4216  1111
2025-08-29 17:16:18.4220  1111
2025-08-29 17:16:23.4211  1111
2025-08-29 17:16:28.4224  1111
2025-08-29 17:16:33.4238  1111
2025-08-29 17:16:38.4242  1111
2025-08-29 17:16:43.4252  1111
2025-08-29 17:16:48.4261  1111
2025-08-29 17:16:53.4275  1111
2025-08-29 17:16:58.4282  1111
2025-08-29 17:17:03.4291  1111
2025-08-29 17:17:08.4295  1111
2025-08-29 17:17:13.4303  1111
2025-08-29 17:17:16.8148  Dispose PlayerCoreDataEntity: 0
2025-08-29 17:17:16.8148  Dispose InventoryDataEntity: 0
2025-08-29 17:17:16.8148  Dispose FarmlandDataEntityEntity: 0
2025-08-29 17:17:16.8148  Dispose CenterUnit: 2604336252702425088
2025-08-29 17:35:37.1982  建立到中心服的路由成功: 2609158693521981440 CenterRouteId : 2609160909725106176
2025-08-29 17:35:44.0896  Auto Save PlayerCoreDataEntity: 2609165307771617280
2025-08-29 17:35:44.1032  1111
2025-08-29 17:35:44.1032   Dirty : False
2025-08-29 17:35:44.1032  Auto Save InventoryDataEntity: 2609165307771617281
2025-08-29 17:35:44.1032  Auto Save FarmlandDataEntityEntity: 2609165307771617282
2025-08-29 17:35:49.1160  1111
2025-08-29 17:35:54.1188  1111
2025-08-29 17:35:54.1188   Dirty : False
2025-08-29 17:35:54.1188  Auto Save InventoryDataEntity: 2609165307771617281
2025-08-29 17:35:59.1200  1111
2025-08-29 17:35:59.1200   Dirty : False
2025-08-29 17:35:59.1200  Auto Save InventoryDataEntity: 2609165307771617281
2025-08-29 17:36:04.1332  1111
2025-08-29 17:36:09.1468  1111
2025-08-29 17:36:14.1473  1111
2025-08-29 17:36:14.1473   Dirty : False
2025-08-29 17:36:14.1473  Auto Save InventoryDataEntity: 2609165307771617281
2025-08-29 17:36:14.1473  Auto Save FarmlandDataEntityEntity: 2609165307771617282
2025-08-29 17:36:19.1470  1111
2025-08-29 17:36:24.1484  1111
2025-08-29 17:36:24.6267  Dispose PlayerCoreDataEntity: 0
2025-08-29 17:36:24.6267  Dispose InventoryDataEntity: 0
2025-08-29 17:36:24.6267  Dispose FarmlandDataEntityEntity: 0
2025-08-29 17:36:24.6267  Dispose CenterUnit: 2609160909725106176
2025-08-29 17:39:59.7445  建立到中心服的路由成功: 2609671065940525056 CenterRouteId : 2609739252841316352
2025-08-29 17:40:06.5798  Auto Save PlayerCoreDataEntity: 2609743650887827456
2025-08-29 17:40:06.5798  1111
2025-08-29 17:40:06.5798   Dirty : False
2025-08-29 17:40:06.5798  Auto Save InventoryDataEntity: 2609743650887827457
2025-08-29 17:40:06.5798  Auto Save FarmlandDataEntityEntity: 2609743650887827458
2025-08-29 17:40:11.5818  1111
2025-08-29 17:40:16.5820  1111
2025-08-29 17:40:19.6489  Dispose PlayerCoreDataEntity: 0
2025-08-29 17:40:19.6489  Dispose InventoryDataEntity: 0
2025-08-29 17:40:19.6489  Dispose FarmlandDataEntityEntity: 0
2025-08-29 17:40:19.6489  Dispose CenterUnit: 2609739252841316352
2025-08-29 17:40:58.0197  建立到中心服的路由成功: 2609866779010269184 CenterRouteId : 2609866796190138368
2025-08-29 17:41:03.0671  Auto Save PlayerCoreDataEntity: 2609866796190138369
2025-08-29 17:41:03.0813  1111
2025-08-29 17:41:03.0813   Dirty : False
2025-08-29 17:41:03.0813  Auto Save InventoryDataEntity: 2609866796190138370
2025-08-29 17:41:05.0336  Auto Save FarmlandDataEntityEntity: 2609871194236649472
2025-08-29 17:41:08.0888  1111
2025-08-29 17:41:08.0888   Dirty : False
2025-08-29 17:41:08.0888  Auto Save InventoryDataEntity: 2609866796190138370
2025-08-29 17:41:09.0265  Dispose PlayerCoreDataEntity: 0
2025-08-29 17:41:09.0265  Dispose InventoryDataEntity: 0
2025-08-29 17:41:09.0265  Dispose FarmlandDataEntityEntity: 0
2025-08-29 17:41:09.0265  Dispose CenterUnit: 2609866796190138368
2025-08-29 17:42:25.6134  建立到中心服的路由成功: 2610060293056757760 CenterRouteId : 2610060310236626944
2025-08-29 17:42:32.3619  Auto Save PlayerCoreDataEntity: 2610064708283138048
2025-08-29 17:42:32.3619  1111
2025-08-29 17:42:32.3619   Dirty : False
2025-08-29 17:42:32.3619  Auto Save InventoryDataEntity: 2610064708283138049
2025-08-29 17:42:32.3619  Auto Save FarmlandDataEntityEntity: 2610064708283138050
2025-08-29 17:42:37.3713  1111
2025-08-29 17:42:42.3743  1111
2025-08-29 17:42:47.3851  1111
2025-08-29 17:42:52.3859  1111
2025-08-29 17:42:57.3852  1111
2025-08-29 17:43:02.3869  1111
2025-08-29 17:43:07.3864  1111
2025-08-29 17:43:12.3878  1111
2025-08-29 17:43:17.3873  1111
2025-08-29 17:43:22.3877  1111
2025-08-29 17:43:27.3884  1111
2025-08-29 17:43:32.3891  1111
2025-08-29 17:43:37.3892  1111
2025-08-29 17:43:42.3895  1111
2025-08-29 17:43:47.3894  1111
2025-08-29 17:43:52.3893  1111
2025-08-29 17:43:57.3897  1111
2025-08-29 17:44:02.3903  1111
2025-08-29 17:44:07.3906  1111
2025-08-29 17:44:12.3907  1111
2025-08-29 17:44:17.3907  1111
2025-08-29 17:44:22.3918  1111
2025-08-29 17:44:27.3921  1111
2025-08-29 17:44:32.3921  1111
2025-08-29 17:44:37.3926  1111
2025-08-29 17:44:42.3924  1111
2025-08-29 17:44:47.3921  1111
2025-08-29 17:44:52.3924  1111
2025-08-29 17:44:57.3925  1111
2025-08-29 17:45:02.3920  1111
2025-08-29 17:45:07.3921  1111
2025-08-29 17:45:12.3927  1111
2025-08-29 17:45:17.3932  1111
2025-08-29 17:45:22.3934  1111
2025-08-29 17:45:27.3948  1111
2025-08-29 17:45:32.3950  1111
2025-08-29 17:45:37.3951  1111
2025-08-29 17:45:42.3952  1111
2025-08-29 17:45:47.3954  1111
2025-08-29 17:45:52.3966  1111
2025-08-29 17:45:57.3960  1111
2025-08-29 17:46:02.3967  1111
2025-08-29 17:46:07.3977  1111
2025-08-29 17:46:12.3971  1111
2025-08-29 17:46:17.3985  1111
2025-08-29 17:46:22.3993  1111
2025-08-29 17:46:27.4001  1111
2025-08-29 17:46:32.4002  1111
2025-08-29 17:46:37.4012  1111
2025-08-29 17:46:42.4011  1111
2025-08-29 17:46:47.4014  1111
2025-08-29 17:46:52.4021  1111
2025-08-29 17:46:57.4020  1111
2025-08-29 17:47:02.4045  1111
2025-08-29 17:47:07.4041  1111
2025-08-29 17:47:12.4047  1111
2025-08-29 17:47:17.4042  1111
2025-08-29 17:47:22.4052  1111
2025-08-29 17:47:27.4052  1111
2025-08-29 17:47:32.4061  1111
2025-08-29 17:47:37.4066  1111
2025-08-29 17:47:42.4060  1111
2025-08-29 17:47:47.4076  1111
2025-08-29 17:47:52.4075  1111
2025-08-29 17:47:57.4074  1111
2025-08-29 17:48:02.4071  1111
2025-08-29 17:48:07.4077  1111
2025-08-29 17:48:12.4077  1111
2025-08-29 17:48:17.4071  1111
2025-08-29 17:48:22.4085  1111
2025-08-29 17:48:27.4084  1111
2025-08-29 17:48:32.4094  1111
2025-08-29 17:48:37.4100  1111
2025-08-29 17:48:42.4103  1111
2025-08-29 17:48:47.4103  1111
2025-08-29 17:48:52.4100  1111
2025-08-29 17:48:57.4106  1111
2025-08-29 17:49:02.4110  1111
2025-08-29 17:49:07.4117  1111
2025-08-29 17:49:12.4113  1111
2025-08-29 17:49:17.4120  1111
2025-08-29 17:49:22.4135  1111
2025-08-29 17:49:27.4131  1111
2025-08-29 17:49:32.4145  1111
2025-08-29 17:49:37.4148  1111
2025-08-29 17:49:42.4152  1111
2025-08-29 17:49:47.4160  1111
2025-08-29 17:49:52.4170  1111
2025-08-29 17:49:57.4184  1111
2025-08-29 17:50:02.4199  1111
2025-08-29 17:50:07.4197  1111
2025-08-29 17:50:12.4204  1111
2025-08-29 17:50:17.4201  1111
2025-08-29 17:50:22.4214  1111
2025-08-29 17:50:27.4219  1111
2025-08-29 17:50:32.4230  1111
2025-08-29 17:50:37.4240  1111
2025-08-29 17:50:42.4241  1111
2025-08-29 17:50:47.4244  1111
2025-08-29 17:50:52.4246  1111
2025-08-29 17:50:57.4254  1111
2025-08-29 17:51:02.4272  1111
2025-08-29 17:51:07.4284  1111
2025-08-29 17:51:12.4284  1111
2025-08-29 17:51:17.4293  1111
2025-08-29 17:51:22.4298  1111
2025-08-29 17:51:27.4298  1111
2025-08-29 17:51:32.4294  1111
2025-08-29 17:51:37.4292  1111
2025-08-29 17:51:42.4303  1111
2025-08-29 17:51:47.4307  1111
2025-08-29 17:51:52.4318  1111
2025-08-29 17:51:57.4323  1111
2025-08-29 17:52:02.4327  1111
2025-08-29 17:52:07.4330  1111
2025-08-29 17:52:12.4338  1111
2025-08-29 17:52:17.4333  1111
2025-08-29 17:52:22.4331  1111
2025-08-29 17:52:27.4338  1111
2025-08-29 17:52:32.4342  1111
2025-08-29 17:52:37.4345  1111
2025-08-29 17:52:42.4349  1111
2025-08-29 17:52:47.4347  1111
2025-08-29 17:52:52.4341  1111
2025-08-29 17:52:57.4347  1111
2025-08-29 17:53:02.4353  1111
2025-08-29 17:53:07.4363  1111
2025-08-29 17:53:12.4365  1111
2025-08-29 17:53:17.4374  1111
2025-08-29 17:53:22.4377  1111
2025-08-29 17:53:27.4386  1111
2025-08-29 17:53:32.4399  1111
2025-08-29 17:53:37.4399  1111
2025-08-29 17:53:42.4393  1111
2025-08-29 17:53:47.4395  1111
2025-08-29 17:53:52.4394  1111
2025-08-29 17:53:57.4401  1111
2025-08-29 17:54:02.4405  1111
2025-08-29 17:54:07.4420  1111
2025-08-29 17:54:12.4437  1111
2025-08-29 17:54:17.4437  1111
2025-08-29 17:54:22.4448  1111
2025-08-29 17:54:27.4459  1111
2025-08-29 17:54:32.4456  1111
2025-08-29 17:54:37.4453  1111
2025-08-29 17:54:42.4469  1111
2025-08-29 17:54:47.4468  1111
2025-08-29 17:54:52.4471  1111
2025-08-29 17:54:57.4491  1111
2025-08-29 17:55:02.4500  1111
2025-08-29 17:55:07.4504  1111
2025-08-29 17:55:12.4514  1111
2025-08-29 17:55:17.4522  1111
2025-08-29 17:55:22.4526  1111
2025-08-29 17:55:27.4528  1111
2025-08-29 17:55:32.4520  1111
2025-08-29 17:55:37.4528  1111
2025-08-29 17:55:42.4529  1111
2025-08-29 17:55:47.4520  1111
2025-08-29 17:55:52.4522  1111
2025-08-29 17:55:57.4538  1111
2025-08-29 17:56:02.4547  1111
2025-08-29 17:56:07.4550  1111
2025-08-29 17:56:12.4557  1111
2025-08-29 17:56:17.4558  1111
2025-08-29 17:56:22.4559  1111
2025-08-29 17:56:27.4563  1111
2025-08-29 17:56:32.4564  1111
2025-08-29 17:56:37.4567  1111
2025-08-29 17:56:42.4575  1111
2025-08-29 17:56:47.4575  1111
2025-08-29 17:56:52.4577  1111
2025-08-29 17:56:57.4580  1111
2025-08-29 17:57:02.4592  1111
2025-08-29 17:57:07.4601  1111
2025-08-29 17:57:12.4604  1111
2025-08-29 17:57:17.4609  1111
2025-08-29 17:57:22.4611  1111
2025-08-29 17:57:27.4617  1111
2025-08-29 17:57:32.4618  1111
2025-08-29 17:57:37.4626  1111
2025-08-29 17:57:42.4631  1111
2025-08-29 17:57:47.4643  1111
2025-08-29 17:57:52.4654  1111
2025-08-29 17:57:57.4673  1111
2025-08-29 17:58:02.4680  1111
2025-08-29 17:58:07.4685  1111
2025-08-29 17:58:12.4687  1111
2025-08-29 17:58:17.4680  1111
2025-08-29 17:58:22.4699  1111
2025-08-29 17:58:27.4693  1111
2025-08-29 17:58:32.4690  1111
2025-08-29 17:58:37.4708  1111
2025-08-29 17:58:42.4714  1111
2025-08-29 17:58:47.4718  1111
2025-08-29 17:58:52.4713  1111
2025-08-29 17:58:57.4718  1111
2025-08-29 17:59:02.4718  1111
2025-08-29 17:59:07.4714  1111
2025-08-29 17:59:12.4726  1111
2025-08-29 17:59:17.4737  1111
2025-08-29 17:59:22.4752  1111
2025-08-29 17:59:27.4763  1111
2025-08-29 17:59:32.4770  1111
2025-08-29 17:59:37.4768  1111
2025-08-29 17:59:42.4771  1111
2025-08-29 17:59:47.4776  1111
2025-08-29 17:59:52.4780  1111
2025-08-29 17:59:57.4783  1111
