2025-08-29 16:17:54.0849  建立到中心服的路由成功: 2598909046127853568 CenterRouteId : 2598906864284467200
2025-08-29 16:17:59.1185  Auto Save PlayerCoreDataEntity: 2598906864284467201
2025-08-29 16:17:59.1185  1111
2025-08-29 16:17:59.1185   Dirty : False
2025-08-29 16:17:59.1185  Auto Save InventoryDataEntity: 2598906864284467202
2025-08-29 16:18:02.6815  Auto Save FarmlandDataEntityEntity: 2598915660377489408
2025-08-29 16:18:04.1203  1111
2025-08-29 16:18:09.1200  1111
2025-08-29 16:18:12.8754  Dispose PlayerCoreDataEntity: 0
2025-08-29 16:18:12.8754  Dispose InventoryDataEntity: 0
2025-08-29 16:18:12.8754  Dispose FarmlandDataEntityEntity: 0
2025-08-29 16:18:12.8754  Dispose CenterUnit: 2598906864284467200
2025-08-29 16:19:09.4179  建立到中心服的路由成功: 2599073972872019968 CenterRouteId : 2599073990051889152
2025-08-29 16:19:14.4672  Auto Save PlayerCoreDataEntity: 2599073990051889153
2025-08-29 16:19:14.4813  1111
2025-08-29 16:19:14.4813   Dirty : False
2025-08-29 16:19:14.4813  Auto Save InventoryDataEntity: 2599073990051889154
2025-08-29 16:19:15.9698  Auto Save FarmlandDataEntityEntity: 2599076189075144704
2025-08-29 16:19:19.4816  1111
2025-08-29 16:19:22.9066  Dispose PlayerCoreDataEntity: 0
2025-08-29 16:19:22.9066  Dispose InventoryDataEntity: 0
2025-08-29 16:19:22.9066  Dispose FarmlandDataEntityEntity: 0
2025-08-29 16:19:22.9066  Dispose CenterUnit: 2599073990051889152
2025-08-29 16:20:55.8607  建立到中心服的路由成功: 2599304870313852928 CenterRouteId : 2599307086516977664
2025-08-29 16:21:00.9231  Auto Save PlayerCoreDataEntity: 2599307086516977665
2025-08-29 16:21:00.9377  1111
2025-08-29 16:21:00.9377   Dirty : False
2025-08-29 16:21:00.9377  Auto Save InventoryDataEntity: 2599307086516977666
2025-08-29 16:21:02.8184  Auto Save FarmlandDataEntityEntity: 2599311484563488768
2025-08-29 16:21:05.9379  1111
2025-08-29 16:21:10.9371  1111
2025-08-29 16:21:15.9377  1111
2025-08-29 16:21:20.9391  1111
2025-08-29 16:21:25.5073  Dispose PlayerCoreDataEntity: 0
2025-08-29 16:21:25.5073  Dispose InventoryDataEntity: 0
2025-08-29 16:21:25.5073  Dispose FarmlandDataEntityEntity: 0
2025-08-29 16:21:25.5073  Dispose CenterUnit: 2599307086516977664
2025-08-29 16:22:05.0950  建立到中心服的路由成功: 2599458801941741568 CenterRouteId : 2599458819121610752
2025-08-29 16:22:10.1185  Auto Save PlayerCoreDataEntity: 2599458819121610753
2025-08-29 16:22:10.1185  1111
2025-08-29 16:22:10.1185   Dirty : False
2025-08-29 16:22:10.1185  Auto Save InventoryDataEntity: 2599458819121610754
2025-08-29 16:22:11.7929  Auto Save FarmlandDataEntityEntity: 2599463217168121856
2025-08-29 16:22:15.1251  1111
2025-08-29 16:22:20.1311  1111
2025-08-29 16:22:25.1322  1111
2025-08-29 16:22:30.1320  1111
2025-08-29 16:22:35.1326  1111
2025-08-29 16:22:40.1326  1111
2025-08-29 16:22:40.1326   Dirty : False
2025-08-29 16:22:40.1326  Auto Save InventoryDataEntity: 2599458819121610754
2025-08-29 16:22:45.1336  1111
2025-08-29 16:22:45.1336   Dirty : False
2025-08-29 16:22:45.1336  Auto Save InventoryDataEntity: 2599458819121610754
2025-08-29 16:22:46.8071  Auto Save FarmlandDataEntityEntity: 2599463217168121856
2025-08-29 16:22:50.1346  1111
2025-08-29 16:22:55.1346  1111
2025-08-29 16:23:00.1344  1111
2025-08-29 16:23:05.1342  1111
2025-08-29 16:23:10.1347  1111
2025-08-29 16:23:15.1343  1111
2025-08-29 16:23:18.7350  Dispose PlayerCoreDataEntity: 0
2025-08-29 16:23:18.7350  Dispose InventoryDataEntity: 0
2025-08-29 16:23:18.7350  Dispose FarmlandDataEntityEntity: 0
2025-08-29 16:23:18.7350  Dispose CenterUnit: 2599458819121610752
2025-08-29 16:34:57.2558  建立到中心服的路由成功: 2601154248871772160 CenterRouteId : 2601156465074896896
2025-08-29 16:35:02.2822  Auto Save PlayerCoreDataEntity: 2601156465074896897
2025-08-29 16:35:02.2822  1111
2025-08-29 16:35:02.2822   Dirty : False
2025-08-29 16:35:02.2822  Auto Save InventoryDataEntity: 2601156465074896898
2025-08-29 16:35:04.1009  Auto Save FarmlandDataEntityEntity: 2601160863121408000
2025-08-29 16:35:07.2831  1111
2025-08-29 16:35:12.2844  1111
2025-08-29 16:35:17.2850  1111
2025-08-29 16:35:19.3968  Dispose PlayerCoreDataEntity: 0
2025-08-29 16:35:19.3968  Dispose InventoryDataEntity: 0
2025-08-29 16:35:19.3968  Dispose FarmlandDataEntityEntity: 0
2025-08-29 16:35:19.3968  Dispose CenterUnit: 2601156465074896896
2025-08-29 16:37:07.2096  建立到中心服的路由成功: 2601442320918249472 CenterRouteId : 2601442338098118656
2025-08-29 16:37:12.2708  Auto Save PlayerCoreDataEntity: 2601442338098118657
2025-08-29 16:37:12.2852  1111
2025-08-29 16:37:12.2852   Dirty : False
2025-08-29 16:37:12.2852  Auto Save InventoryDataEntity: 2601442338098118658
2025-08-29 16:37:14.1770  Auto Save FarmlandDataEntityEntity: 2601446736144629760
2025-08-29 16:37:17.2974  1111
2025-08-29 16:37:22.3038  1111
2025-08-29 16:37:27.3135  1111
2025-08-29 16:37:32.3283  1111
2025-08-29 16:37:37.3301  1111
2025-08-29 16:37:37.3301   Dirty : False
2025-08-29 16:37:37.3301  Auto Save InventoryDataEntity: 2601442338098118658
2025-08-29 16:37:39.2284  Auto Save FarmlandDataEntityEntity: 2601446736144629760
2025-08-29 16:37:42.3403  1111
2025-08-29 16:37:42.3403   Dirty : False
2025-08-29 16:37:42.3403  Auto Save InventoryDataEntity: 2601442338098118658
2025-08-29 16:37:47.3423  1111
2025-08-29 16:37:52.3486  1111
2025-08-29 16:37:57.3608  1111
2025-08-29 16:38:02.3720  1111
2025-08-29 16:38:07.3736  1111
2025-08-29 16:38:12.3733  1111
2025-08-29 16:38:17.3742  1111
2025-08-29 16:38:22.3748  1111
2025-08-29 16:38:24.8532  Dispose PlayerCoreDataEntity: 0
2025-08-29 16:38:24.8532  Dispose InventoryDataEntity: 0
2025-08-29 16:38:24.8532  Dispose FarmlandDataEntityEntity: 0
2025-08-29 16:38:24.8532  Dispose CenterUnit: 2601442338098118656
2025-08-29 16:38:41.1616  建立到中心服的路由成功: 2601651228127526912 CenterRouteId : 2601649046284140544
2025-08-29 16:38:46.2329  Auto Save PlayerCoreDataEntity: 2601649046284140545
2025-08-29 16:38:46.2468  1111
2025-08-29 16:38:46.2468   Dirty : False
2025-08-29 16:38:46.2468  Auto Save InventoryDataEntity: 2601649046284140546
2025-08-29 16:38:51.2587  1111
2025-08-29 16:38:54.2223  Auto Save FarmlandDataEntityEntity: 2601666638470184960
2025-08-29 16:38:56.2596  1111
2025-08-29 16:38:56.2596   Dirty : False
2025-08-29 16:38:56.2596  Auto Save InventoryDataEntity: 2601649046284140546
2025-08-29 16:39:01.2625  1111
2025-08-29 16:39:06.2760  1111
2025-08-29 16:39:08.7874  建立到中心服的路由成功: 2601712800778682368 CenterRouteId : 2601710618935296000
2025-08-29 16:39:10.2381  Dispose PlayerCoreDataEntity: 0
2025-08-29 16:39:10.2381  Dispose InventoryDataEntity: 0
2025-08-29 16:39:10.2381  Dispose FarmlandDataEntityEntity: 0
2025-08-29 16:39:10.2381  Dispose CenterUnit: 2601649046284140544
2025-08-29 16:39:13.8372  Auto Save PlayerCoreDataEntity: 2601710618935296001
2025-08-29 16:39:13.8512  1111
2025-08-29 16:39:13.8512   Dirty : False
2025-08-29 16:39:13.8512  Auto Save InventoryDataEntity: 2601710618935296002
2025-08-29 16:39:18.8663  1111
2025-08-29 16:39:22.8244  Dispose PlayerCoreDataEntity: 0
2025-08-29 16:39:22.8244  Dispose InventoryDataEntity: 0
2025-08-29 16:39:22.8244  Dispose CenterUnit: 2601710618935296000
2025-08-29 16:59:03.1360  建立到中心服的路由成功: 2604336235522555904 CenterRouteId : 2604336252702425088
2025-08-29 16:59:08.1952  Auto Save PlayerCoreDataEntity: 2604336252702425089
2025-08-29 16:59:08.1952  1111
2025-08-29 16:59:08.2038   Dirty : False
2025-08-29 16:59:08.2038  Auto Save InventoryDataEntity: 2604336252702425090
2025-08-29 16:59:11.0111  Auto Save FarmlandDataEntityEntity: 2604342849772191744
2025-08-29 16:59:13.2134  1111
2025-08-29 16:59:13.2134   Dirty : False
2025-08-29 16:59:13.2134  Auto Save InventoryDataEntity: 2604336252702425090
2025-08-29 16:59:16.0183  Auto Save FarmlandDataEntityEntity: 2604342849772191744
2025-08-29 16:59:18.2229  1111
2025-08-29 16:59:18.2229   Dirty : False
2025-08-29 16:59:18.2229  Auto Save InventoryDataEntity: 2604336252702425090
2025-08-29 16:59:23.2260  1111
2025-08-29 16:59:28.2408  1111
2025-08-29 16:59:33.2429  1111
2025-08-29 16:59:38.2531  1111
2025-08-29 16:59:43.2580  1111
2025-08-29 16:59:48.2657  1111
2025-08-29 16:59:53.2671  1111
2025-08-29 16:59:58.2823  1111
