2025-08-29 15:28:16.4391  Fantasy.Timer.TimerComponent Update Error System.OperationCanceledException: The operation was canceled.
   at System.Threading.CancellationToken.ThrowOperationCanceledException()
   at System.Net.WebSockets.WebSocketBase.WebSocketOperation.SendOperation.ShouldContinue(CancellationToken cancellationToken)
   at System.Net.WebSockets.WebSocketBase.WebSocketOperation.Process(Nullable`1 buffer, CancellationToken cancellationToken)
   at System.Net.WebSockets.WebSocketBase.CloseOutputAsyncCore(WebSocketCloseStatus closeStatus, String statusDescription, CancellationToken cancellationToken)
   at Fantasy.Network.WebSocket.WebSocketServerNetworkChannel.Dispose()
   at Fantasy.Network.Session.Dispose()
   at Fantasy.Network.SessionIdleCheckerComponent.Check()
   at Fantasy.Timer.TimerSchedulerNet.Update()
   at Fantasy.Entitas.EntityComponent.Update()
   at Fantasy.Entitas.EntityComponent.Update()
   at Fantasy.Scene.Update()
   at Fantasy.Platform.Net.Entry.Start()
   at Fantasy.Platform.Net.Entry.Start()
   at Program.<Main>$(String[] args) in F:\UnityProject\Framework\Framework\Server\Main\Program.cs:line 35
   at System.Runtime.CompilerServices.AsyncMethodBuilderCore.Start[TStateMachine](TStateMachine& stateMachine)
   at Program.<Main>$(String[] args)
   at Program.<Main>(String[] args)

2025-08-29 15:31:36.7659  Fantasy.Timer.TimerComponent Update Error System.OperationCanceledException: The operation was canceled.
   at System.Threading.CancellationToken.ThrowOperationCanceledException()
   at System.Net.WebSockets.WebSocketBase.WebSocketOperation.SendOperation.ShouldContinue(CancellationToken cancellationToken)
   at System.Net.WebSockets.WebSocketBase.WebSocketOperation.Process(Nullable`1 buffer, CancellationToken cancellationToken)
   at System.Net.WebSockets.WebSocketBase.CloseOutputAsyncCore(WebSocketCloseStatus closeStatus, String statusDescription, CancellationToken cancellationToken)
   at Fantasy.Network.WebSocket.WebSocketServerNetworkChannel.Dispose()
   at Fantasy.Network.Session.Dispose()
   at Fantasy.Network.SessionIdleCheckerComponent.Check()
   at Fantasy.Timer.TimerSchedulerNet.Update()
   at Fantasy.Entitas.EntityComponent.Update()
   at Fantasy.Entitas.EntityComponent.Update()
   at Fantasy.Scene.Update()
   at Fantasy.Platform.Net.Entry.Start()
   at Fantasy.Platform.Net.Entry.Start()
   at Program.<Main>$(String[] args) in F:\UnityProject\Framework\Framework\Server\Main\Program.cs:line 35
   at System.Runtime.CompilerServices.AsyncMethodBuilderCore.Start[TStateMachine](TStateMachine& stateMachine)
   at Program.<Main>$(String[] args)
   at Program.<Main>(String[] args)

2025-08-29 15:33:49.6184  Fantasy.Timer.TimerComponent Update Error System.OperationCanceledException: The operation was canceled.
   at System.Threading.CancellationToken.ThrowOperationCanceledException()
   at System.Net.WebSockets.WebSocketBase.WebSocketOperation.SendOperation.ShouldContinue(CancellationToken cancellationToken)
   at System.Net.WebSockets.WebSocketBase.WebSocketOperation.Process(Nullable`1 buffer, CancellationToken cancellationToken)
   at System.Net.WebSockets.WebSocketBase.CloseOutputAsyncCore(WebSocketCloseStatus closeStatus, String statusDescription, CancellationToken cancellationToken)
   at Fantasy.Network.WebSocket.WebSocketServerNetworkChannel.Dispose()
   at Fantasy.Network.Session.Dispose()
   at Fantasy.Network.SessionIdleCheckerComponent.Check()
   at Fantasy.Timer.TimerSchedulerNet.Update()
   at Fantasy.Entitas.EntityComponent.Update()
   at Fantasy.Entitas.EntityComponent.Update()
   at Fantasy.Scene.Update()
   at Fantasy.Platform.Net.Entry.Start()
   at Fantasy.Platform.Net.Entry.Start()
   at Program.<Main>$(String[] args) in F:\UnityProject\Framework\Framework\Server\Main\Program.cs:line 35
   at System.Runtime.CompilerServices.AsyncMethodBuilderCore.Start[TStateMachine](TStateMachine& stateMachine)
   at Program.<Main>$(String[] args)
   at Program.<Main>(String[] args)

2025-08-29 15:40:54.1447  Fantasy.Timer.TimerComponent Update Error System.OperationCanceledException: The operation was canceled.
   at System.Threading.CancellationToken.ThrowOperationCanceledException()
   at System.Net.WebSockets.WebSocketBase.WebSocketOperation.SendOperation.ShouldContinue(CancellationToken cancellationToken)
   at System.Net.WebSockets.WebSocketBase.WebSocketOperation.Process(Nullable`1 buffer, CancellationToken cancellationToken)
   at System.Net.WebSockets.WebSocketBase.CloseOutputAsyncCore(WebSocketCloseStatus closeStatus, String statusDescription, CancellationToken cancellationToken)
   at Fantasy.Network.WebSocket.WebSocketServerNetworkChannel.Dispose()
   at Fantasy.Network.Session.Dispose()
   at Fantasy.Network.SessionIdleCheckerComponent.Check()
   at Fantasy.Timer.TimerSchedulerNet.Update()
   at Fantasy.Entitas.EntityComponent.Update()
   at Fantasy.Entitas.EntityComponent.Update()
   at Fantasy.Scene.Update()
   at Fantasy.Platform.Net.Entry.Start()
   at Fantasy.Platform.Net.Entry.Start()
   at Program.<Main>$(String[] args) in F:\UnityProject\Framework\Framework\Server\Main\Program.cs:line 35
   at System.Runtime.CompilerServices.AsyncMethodBuilderCore.Start[TStateMachine](TStateMachine& stateMachine)
   at Program.<Main>$(String[] args)
   at Program.<Main>(String[] args)

2025-08-29 15:42:28.8731  Fantasy.Timer.TimerComponent Update Error System.OperationCanceledException: The operation was canceled.
   at System.Threading.CancellationToken.ThrowOperationCanceledException()
   at System.Net.WebSockets.WebSocketBase.WebSocketOperation.SendOperation.ShouldContinue(CancellationToken cancellationToken)
   at System.Net.WebSockets.WebSocketBase.WebSocketOperation.Process(Nullable`1 buffer, CancellationToken cancellationToken)
   at System.Net.WebSockets.WebSocketBase.CloseOutputAsyncCore(WebSocketCloseStatus closeStatus, String statusDescription, CancellationToken cancellationToken)
   at Fantasy.Network.WebSocket.WebSocketServerNetworkChannel.Dispose()
   at Fantasy.Network.Session.Dispose()
   at Fantasy.Network.SessionIdleCheckerComponent.Check()
   at Fantasy.Timer.TimerSchedulerNet.Update()
   at Fantasy.Entitas.EntityComponent.Update()
   at Fantasy.Entitas.EntityComponent.Update()
   at Fantasy.Scene.Update()
   at Fantasy.Platform.Net.Entry.Start()
   at Fantasy.Platform.Net.Entry.Start()
   at Program.<Main>$(String[] args) in F:\UnityProject\Framework\Framework\Server\Main\Program.cs:line 35
   at System.Runtime.CompilerServices.AsyncMethodBuilderCore.Start[TStateMachine](TStateMachine& stateMachine)
   at Program.<Main>$(String[] args)
   at Program.<Main>(String[] args)

