2025-07-30 20:43:57.8444  System.Net.WebSockets.WebSocketException (0x80004005): The WebSocket is in an invalid state ('Aborted') for this operation. Valid states are: 'Open, CloseReceived'
   at System.Net.WebSockets.WebSocket.ThrowOnInvalidState(WebSocketState state, WebSocketState[] validStates)
   at System.Net.WebSockets.WebSocketBase.SendAsyncCore(ArraySegment`1 buffer, WebSocketMessageType messageType, Boolean endOfMessage, CancellationToken cancellationToken)
   at Fantasy.Network.WebSocket.WebSocketServerNetworkChannel.Send()
   at Fantasy.Async.FTask.InnerCoroutine()
   at Fantasy.Async.FTask.InnerCoroutine()
   at Fantasy.Network.WebSocket.WebSocketServerNetworkChannel.Send(UInt32 rpcId, Int64 routeId, MemoryStreamBuffer memoryStream, IMessage message)
   at Fantasy.Network.Session.Send(IMessage message, UInt32 rpcId, Int64 routeId)
   at Fantasy.Scheduler.OuterMessageScheduler.Scheduler(Session session, APackInfo packInfo)
   at Fantasy.Async.FTask.InnerCoroutine()
   at Fantasy.Async.FTask.InnerCoroutine()
   at Fantasy.Scheduler.OuterMessageScheduler.Scheduler(Session session, APackInfo packInfo)
   at Fantasy.Scheduler.NetworkMessagingComponent.CallInnerRoute(Int64 routeId, Type requestType, APackInfo packInfo)
   at Fantasy.Scheduler.NetworkMessagingComponent.ResponseHandler(UInt32 rpcId, IResponse response)
   at Fantasy.Scheduler.ProcessScheduler.<>c__DisplayClass1_1.<Scheduler>b__0()
   at Fantasy.ThreadSynchronizationContext.Update()
2025-07-30 20:54:14.3312  Fantasy.Timer.TimerComponent Update Error System.OperationCanceledException: The operation was canceled.
   at System.Threading.CancellationToken.ThrowOperationCanceledException()
   at System.Net.WebSockets.WebSocketBase.WebSocketOperation.SendOperation.ShouldContinue(CancellationToken cancellationToken)
   at System.Net.WebSockets.WebSocketBase.WebSocketOperation.Process(Nullable`1 buffer, CancellationToken cancellationToken)
   at System.Net.WebSockets.WebSocketBase.CloseOutputAsyncCore(WebSocketCloseStatus closeStatus, String statusDescription, CancellationToken cancellationToken)
   at Fantasy.Network.WebSocket.WebSocketServerNetworkChannel.Dispose()
   at Fantasy.Network.Session.Dispose()
   at Fantasy.Network.SessionIdleCheckerComponent.Check()
   at Fantasy.Timer.TimerSchedulerNet.Update()
   at Fantasy.Entitas.EntityComponent.Update()
   at Fantasy.Entitas.EntityComponent.Update()
   at Fantasy.Scene.Update()
   at Fantasy.Platform.Net.Entry.Start()
   at Fantasy.Platform.Net.Entry.Start()
   at Program.<Main>$(String[] args) in F:\UnityProject\Framework\Framework\Server\Main\Program.cs:line 33
   at System.Runtime.CompilerServices.AsyncMethodBuilderCore.Start[TStateMachine](TStateMachine& stateMachine)
   at Program.<Main>$(String[] args)
   at Program.<Main>(String[] args)

