2025-07-30 21:04:18.5472 (C2G_BuildCenterRouteHandler.cs:38) 建立到中心服的路由成功: 2589017839524380672 CenterRouteId : 2589022254750760960
2025-07-30 21:04:23.7512 (PlayerBaseDataEntity.cs:33) Auto Save PlayerCoreDataEntity: 2589024453774016512
2025-07-30 21:04:23.7697 (InventoryDataEntity.cs:37) Auto Save InventoryDataEntity: 2589024453774016513
2025-07-30 21:04:28.6682 (PlayerBaseDataEntity.cs:33) Auto Save PlayerCoreDataEntity: 2589024453774016512
2025-07-30 21:04:28.7793 (InventoryDataEntity.cs:37) Auto Save InventoryDataEntity: 2589024453774016513
2025-07-30 21:04:33.6756 (PlayerBaseDataEntity.cs:33) Auto Save PlayerCoreDataEntity: 2589024453774016512
2025-07-30 21:04:33.7874 (InventoryDataEntity.cs:37) Auto Save InventoryDataEntity: 2589024453774016513
2025-07-30 21:04:38.6834 (PlayerBaseDataEntity.cs:33) Auto Save PlayerCoreDataEntity: 2589024453774016512
2025-07-30 21:04:38.7910 (InventoryDataEntity.cs:37) Auto Save InventoryDataEntity: 2589024453774016513
2025-07-30 21:04:43.6954 (PlayerBaseDataEntity.cs:33) Auto Save PlayerCoreDataEntity: 2589024453774016512
2025-07-30 21:04:43.8039 (InventoryDataEntity.cs:37) Auto Save InventoryDataEntity: 2589024453774016513
2025-07-30 21:04:48.7089 (PlayerBaseDataEntity.cs:33) Auto Save PlayerCoreDataEntity: 2589024453774016512
2025-07-30 21:04:48.8165 (InventoryDataEntity.cs:37) Auto Save InventoryDataEntity: 2589024453774016513
2025-07-30 21:04:53.7174 (PlayerBaseDataEntity.cs:33) Auto Save PlayerCoreDataEntity: 2589024453774016512
2025-07-30 21:04:53.8251 (InventoryDataEntity.cs:37) Auto Save InventoryDataEntity: 2589024453774016513
2025-07-30 21:04:58.7177 (PlayerBaseDataEntity.cs:33) Auto Save PlayerCoreDataEntity: 2589024453774016512
2025-07-30 21:04:58.8250 (InventoryDataEntity.cs:37) Auto Save InventoryDataEntity: 2589024453774016513
2025-07-30 21:05:03.7187 (PlayerBaseDataEntity.cs:33) Auto Save PlayerCoreDataEntity: 2589024453774016512
2025-07-30 21:05:03.8244 (InventoryDataEntity.cs:37) Auto Save InventoryDataEntity: 2589024453774016513
2025-07-30 21:05:08.7175 (PlayerBaseDataEntity.cs:33) Auto Save PlayerCoreDataEntity: 2589024453774016512
2025-07-30 21:05:08.8254 (InventoryDataEntity.cs:37) Auto Save InventoryDataEntity: 2589024453774016513
2025-07-30 21:05:13.7183 (PlayerBaseDataEntity.cs:33) Auto Save PlayerCoreDataEntity: 2589024453774016512
2025-07-30 21:05:13.8255 (InventoryDataEntity.cs:37) Auto Save InventoryDataEntity: 2589024453774016513
2025-07-30 21:05:18.7198 (PlayerBaseDataEntity.cs:33) Auto Save PlayerCoreDataEntity: 2589024453774016512
2025-07-30 21:05:18.8268 (InventoryDataEntity.cs:37) Auto Save InventoryDataEntity: 2589024453774016513
2025-07-30 21:05:23.7195 (PlayerBaseDataEntity.cs:33) Auto Save PlayerCoreDataEntity: 2589024453774016512
2025-07-30 21:05:23.8275 (InventoryDataEntity.cs:37) Auto Save InventoryDataEntity: 2589024453774016513
2025-07-30 21:05:28.7215 (PlayerBaseDataEntity.cs:33) Auto Save PlayerCoreDataEntity: 2589024453774016512
2025-07-30 21:05:28.8290 (InventoryDataEntity.cs:37) Auto Save InventoryDataEntity: 2589024453774016513
2025-07-30 21:05:33.7211 (PlayerBaseDataEntity.cs:33) Auto Save PlayerCoreDataEntity: 2589024453774016512
2025-07-30 21:05:33.8288 (InventoryDataEntity.cs:37) Auto Save InventoryDataEntity: 2589024453774016513
2025-07-30 21:05:38.7213 (PlayerBaseDataEntity.cs:33) Auto Save PlayerCoreDataEntity: 2589024453774016512
2025-07-30 21:05:38.8291 (InventoryDataEntity.cs:37) Auto Save InventoryDataEntity: 2589024453774016513
2025-07-30 21:05:43.7216 (PlayerBaseDataEntity.cs:33) Auto Save PlayerCoreDataEntity: 2589024453774016512
2025-07-30 21:05:43.8297 (InventoryDataEntity.cs:37) Auto Save InventoryDataEntity: 2589024453774016513
2025-07-30 21:05:48.7310 (PlayerBaseDataEntity.cs:33) Auto Save PlayerCoreDataEntity: 2589024453774016512
2025-07-30 21:05:48.8360 (InventoryDataEntity.cs:37) Auto Save InventoryDataEntity: 2589024453774016513
2025-07-30 21:05:53.7317 (PlayerBaseDataEntity.cs:33) Auto Save PlayerCoreDataEntity: 2589024453774016512
2025-07-30 21:05:53.8570 (InventoryDataEntity.cs:37) Auto Save InventoryDataEntity: 2589024453774016513
2025-07-30 21:05:58.7461 (PlayerBaseDataEntity.cs:33) Auto Save PlayerCoreDataEntity: 2589024453774016512
2025-07-30 21:05:58.8684 (InventoryDataEntity.cs:37) Auto Save InventoryDataEntity: 2589024453774016513
2025-07-30 21:06:03.7530 (PlayerBaseDataEntity.cs:33) Auto Save PlayerCoreDataEntity: 2589024453774016512
2025-07-30 21:06:03.8742 (InventoryDataEntity.cs:37) Auto Save InventoryDataEntity: 2589024453774016513
2025-07-30 21:06:08.7634 (PlayerBaseDataEntity.cs:33) Auto Save PlayerCoreDataEntity: 2589024453774016512
2025-07-30 21:06:08.8864 (InventoryDataEntity.cs:37) Auto Save InventoryDataEntity: 2589024453774016513
2025-07-30 21:06:13.7742 (PlayerBaseDataEntity.cs:33) Auto Save PlayerCoreDataEntity: 2589024453774016512
2025-07-30 21:06:13.8963 (InventoryDataEntity.cs:37) Auto Save InventoryDataEntity: 2589024453774016513
2025-07-30 21:06:18.7816 (PlayerBaseDataEntity.cs:33) Auto Save PlayerCoreDataEntity: 2589024453774016512
2025-07-30 21:06:18.9071 (InventoryDataEntity.cs:37) Auto Save InventoryDataEntity: 2589024453774016513
2025-07-30 21:06:23.7961 (PlayerBaseDataEntity.cs:33) Auto Save PlayerCoreDataEntity: 2589024453774016512
2025-07-30 21:06:23.9183 (InventoryDataEntity.cs:37) Auto Save InventoryDataEntity: 2589024453774016513
2025-07-30 21:06:28.7999 (PlayerBaseDataEntity.cs:33) Auto Save PlayerCoreDataEntity: 2589024453774016512
2025-07-30 21:06:28.9223 (InventoryDataEntity.cs:37) Auto Save InventoryDataEntity: 2589024453774016513
2025-07-30 21:06:33.8064 (PlayerBaseDataEntity.cs:33) Auto Save PlayerCoreDataEntity: 2589024453774016512
2025-07-30 21:06:33.9283 (InventoryDataEntity.cs:37) Auto Save InventoryDataEntity: 2589024453774016513
2025-07-30 21:06:38.8113 (PlayerBaseDataEntity.cs:33) Auto Save PlayerCoreDataEntity: 2589024453774016512
2025-07-30 21:06:38.9355 (InventoryDataEntity.cs:37) Auto Save InventoryDataEntity: 2589024453774016513
2025-07-30 21:06:43.8103 (PlayerBaseDataEntity.cs:33) Auto Save PlayerCoreDataEntity: 2589024453774016512
2025-07-30 21:06:43.9354 (InventoryDataEntity.cs:37) Auto Save InventoryDataEntity: 2589024453774016513
2025-07-30 21:06:48.8158 (PlayerBaseDataEntity.cs:33) Auto Save PlayerCoreDataEntity: 2589024453774016512
2025-07-30 21:06:48.9364 (InventoryDataEntity.cs:37) Auto Save InventoryDataEntity: 2589024453774016513
2025-07-30 21:06:53.8228  Auto Save PlayerCoreDataEntity: 2589024453774016512
2025-07-30 21:06:53.9479  Auto Save InventoryDataEntity: 2589024453774016513
2025-07-30 21:06:58.8275  Auto Save PlayerCoreDataEntity: 2589024453774016512
2025-07-30 21:06:58.9505  Auto Save InventoryDataEntity: 2589024453774016513
2025-07-30 21:07:03.8383  Auto Save PlayerCoreDataEntity: 2589024453774016512
2025-07-30 21:07:03.9612  Auto Save InventoryDataEntity: 2589024453774016513
2025-07-30 21:07:08.8407  Auto Save PlayerCoreDataEntity: 2589024453774016512
2025-07-30 21:07:08.9644  Auto Save InventoryDataEntity: 2589024453774016513
2025-07-30 21:07:13.8502  Auto Save PlayerCoreDataEntity: 2589024453774016512
2025-07-30 21:07:13.9757  Auto Save InventoryDataEntity: 2589024453774016513
2025-07-30 21:07:18.8640  Auto Save PlayerCoreDataEntity: 2589024453774016512
2025-07-30 21:07:18.9870  Auto Save InventoryDataEntity: 2589024453774016513
2025-07-30 21:07:23.8772  Auto Save PlayerCoreDataEntity: 2589024453774016512
2025-07-30 21:07:24.0015  Auto Save InventoryDataEntity: 2589024453774016513
2025-07-30 21:07:28.8905  Auto Save PlayerCoreDataEntity: 2589024453774016512
2025-07-30 21:07:29.0148  Auto Save InventoryDataEntity: 2589024453774016513
2025-07-30 21:07:33.8958  Auto Save PlayerCoreDataEntity: 2589024453774016512
2025-07-30 21:07:34.0171  Auto Save InventoryDataEntity: 2589024453774016513
2025-07-30 21:07:38.8958  Auto Save PlayerCoreDataEntity: 2589024453774016512
2025-07-30 21:07:39.0174  Auto Save InventoryDataEntity: 2589024453774016513
2025-07-30 21:07:43.8979  Auto Save PlayerCoreDataEntity: 2589024453774016512
2025-07-30 21:07:44.0224  Auto Save InventoryDataEntity: 2589024453774016513
2025-07-30 21:07:48.9110  Auto Save PlayerCoreDataEntity: 2589024453774016512
2025-07-30 21:07:49.0352  Auto Save InventoryDataEntity: 2589024453774016513
2025-07-30 21:07:53.9125  Auto Save PlayerCoreDataEntity: 2589024453774016512
2025-07-30 21:07:54.0377  Auto Save InventoryDataEntity: 2589024453774016513
2025-07-30 21:07:58.9125  Auto Save PlayerCoreDataEntity: 2589024453774016512
2025-07-30 21:07:59.0382  Auto Save InventoryDataEntity: 2589024453774016513
2025-07-30 21:08:03.9121  Auto Save PlayerCoreDataEntity: 2589024453774016512
2025-07-30 21:08:04.0390  Auto Save InventoryDataEntity: 2589024453774016513
2025-07-30 21:08:08.9132  Auto Save PlayerCoreDataEntity: 2589024453774016512
2025-07-30 21:08:09.0393  Auto Save InventoryDataEntity: 2589024453774016513
2025-07-30 21:08:13.9142  Auto Save PlayerCoreDataEntity: 2589024453774016512
2025-07-30 21:08:14.0396  Auto Save InventoryDataEntity: 2589024453774016513
2025-07-30 21:08:18.9151  Auto Save PlayerCoreDataEntity: 2589024453774016512
2025-07-30 21:08:19.0403  Auto Save InventoryDataEntity: 2589024453774016513
2025-07-30 21:08:23.9162  Auto Save PlayerCoreDataEntity: 2589024453774016512
2025-07-30 21:08:24.0413  Auto Save InventoryDataEntity: 2589024453774016513
2025-07-30 21:08:28.9176  Auto Save PlayerCoreDataEntity: 2589024453774016512
2025-07-30 21:08:29.0415  Auto Save InventoryDataEntity: 2589024453774016513
2025-07-30 21:08:33.9191  Auto Save PlayerCoreDataEntity: 2589024453774016512
2025-07-30 21:08:34.0415  Auto Save InventoryDataEntity: 2589024453774016513
2025-07-30 21:08:38.9198  Auto Save PlayerCoreDataEntity: 2589024453774016512
2025-07-30 21:08:39.0417  Auto Save InventoryDataEntity: 2589024453774016513
2025-07-30 21:08:43.9204  Auto Save PlayerCoreDataEntity: 2589024453774016512
2025-07-30 21:08:44.0413  Auto Save InventoryDataEntity: 2589024453774016513
2025-07-30 21:08:48.9222  Auto Save PlayerCoreDataEntity: 2589024453774016512
2025-07-30 21:08:49.0415  Auto Save InventoryDataEntity: 2589024453774016513
2025-07-30 21:08:53.9222  Auto Save PlayerCoreDataEntity: 2589024453774016512
2025-07-30 21:08:54.0418  Auto Save InventoryDataEntity: 2589024453774016513
2025-07-30 21:08:58.9225  Auto Save PlayerCoreDataEntity: 2589024453774016512
2025-07-30 21:08:59.0419  Auto Save InventoryDataEntity: 2589024453774016513
2025-07-30 21:09:03.9233  Auto Save PlayerCoreDataEntity: 2589024453774016512
2025-07-30 21:09:04.0429  Auto Save InventoryDataEntity: 2589024453774016513
2025-07-30 21:09:08.9232  Auto Save PlayerCoreDataEntity: 2589024453774016512
2025-07-30 21:09:09.0430  Auto Save InventoryDataEntity: 2589024453774016513
2025-07-30 21:09:13.9253  Auto Save PlayerCoreDataEntity: 2589024453774016512
2025-07-30 21:09:14.0422  Auto Save InventoryDataEntity: 2589024453774016513
2025-07-30 21:09:18.9250  Auto Save PlayerCoreDataEntity: 2589024453774016512
2025-07-30 21:09:19.0422  Auto Save InventoryDataEntity: 2589024453774016513
2025-07-30 21:09:23.9277  Auto Save PlayerCoreDataEntity: 2589024453774016512
2025-07-30 21:09:24.0438  Auto Save InventoryDataEntity: 2589024453774016513
2025-07-30 21:09:28.9286  Auto Save PlayerCoreDataEntity: 2589024453774016512
2025-07-30 21:09:29.0440  Auto Save InventoryDataEntity: 2589024453774016513
2025-07-30 21:09:33.9286  Auto Save PlayerCoreDataEntity: 2589024453774016512
2025-07-30 21:09:34.0445  Auto Save InventoryDataEntity: 2589024453774016513
2025-07-30 21:13:03.3552 (C2G_BuildCenterRouteHandler.cs:38) 建立到中心服的路由成功: 2589028834640658432 CenterRouteId : 2589048643029827584
2025-07-30 21:13:12.7609 (PlayerBaseDataEntity.cs:20) Auto Save PlayerCoreDataEntity: 2589059638146105344
2025-07-30 21:13:12.7664 (InventoryDataEntity.cs:24) Auto Save InventoryDataEntity: 2589059638146105345
2025-07-30 21:19:40.5549 (C2G_BuildCenterRouteHandler.cs:38) 建立到中心服的路由成功: 2589020038547636224 CenterRouteId : 2589026652797272064
2025-07-30 21:19:45.7713 (PlayerBaseDataEntity.cs:40) Auto Save PlayerCoreDataEntity: 2589028851820527616
2025-07-30 21:19:45.7850 (InventoryDataEntity.cs:46) Auto Save InventoryDataEntity: 2589028851820527617
2025-07-30 21:21:32.4736 (C2G_BuildCenterRouteHandler.cs:38) 建立到中心服的路由成功: 2589046426826702848 CenterRouteId : 2589068434239127552
2025-07-30 21:21:37.6796 (PlayerBaseDataEntity.cs:40) Auto Save PlayerCoreDataEntity: 2589068434239127553
2025-07-30 21:21:37.6921 (InventoryDataEntity.cs:48) Auto Save InventoryDataEntity: 2589068434239127554
2025-07-30 21:34:21.6321 (C2G_BuildCenterRouteHandler.cs:38) 建立到中心服的路由成功: 2589022237570891776 CenterRouteId : 2589064036192616448
2025-07-30 21:34:30.5225 (PlayerBaseDataEntity.cs:20) Auto Save PlayerCoreDataEntity: 2589072832285638656
2025-07-30 21:36:33.2517 (C2G_BuildCenterRouteHandler.cs:38) 建立到中心服的路由成功: 2589009043431358464 CenterRouteId : 2589013458657738752
2025-07-30 21:36:38.4117 (PlayerBaseDataEntity.cs:40) Auto Save PlayerCoreDataEntity: 2589013458657738753
2025-07-30 21:37:28.5591 (C2G_BuildCenterRouteHandler.cs:38) 建立到中心服的路由成功: 2589127790687158272 CenterRouteId : 2589134404936794112
2025-07-30 21:37:37.2565 (PlayerBaseDataEntity.cs:20) Auto Save PlayerCoreDataEntity: 2589143201029816320
2025-07-30 21:45:22.0439 (C2G_BuildCenterRouteHandler.cs:38) 建立到中心服的路由成功: 2589035431710425088 CenterRouteId : 2589037647913549824
2025-07-30 21:45:25.9417 (InventoryDataEntity.cs:21) Awake InventoryDataEntity: 2589046444006572033
2025-07-30 21:45:30.8562 (PlayerBaseDataEntity.cs:20) Auto Save PlayerCoreDataEntity: 2589046444006572032
2025-07-30 21:49:22.7291 (C2G_BuildCenterRouteHandler.cs:38) 建立到中心服的路由成功: 2589013441477869568 CenterRouteId : 2589017856704249856
2025-07-30 21:49:27.9606 (PlayerBaseDataEntity.cs:40) Auto Save PlayerCoreDataEntity: 2589017856704249857
2025-07-30 21:49:50.2627 (C2G_BuildCenterRouteHandler.cs:38) 建立到中心服的路由成功: 2589009043431358464 CenterRouteId : 2589015657680994304
2025-07-30 21:49:53.9043 (InventoryDataEntity.cs:21) Awake InventoryDataEntity: 2589022254750760961
2025-07-30 21:49:58.8233 (PlayerBaseDataEntity.cs:20) Auto Save PlayerCoreDataEntity: 2589022254750760960
2025-07-30 21:52:19.3183 (C2G_BuildCenterRouteHandler.cs:38) 建立到中心服的路由成功: 2589035431710425088 CenterRouteId : 2589044244983316480
2025-07-30 21:52:23.4864 (InventoryDataEntity.cs:21) Awake InventoryDataEntity: 2589053041076338689
2025-07-30 21:52:28.4210 (PlayerBaseDataEntity.cs:20) Auto Save PlayerCoreDataEntity: 2589053041076338688
2025-07-30 21:52:28.4897 (InventoryDataEntity.cs:47) Start Auto Save: 2589053041076338689
2025-07-30 21:52:28.4897 (InventoryDataEntity.cs:52)  Dirty : False
2025-07-30 21:52:28.4897 (InventoryDataEntity.cs:53) Auto Save InventoryDataEntity: 2589053041076338689
2025-07-30 21:52:33.4962 (InventoryDataEntity.cs:47) Start Auto Save: 2589053041076338689
2025-07-30 21:52:33.4962 (InventoryDataEntity.cs:52)  Dirty : False
2025-07-30 21:52:33.4962 (InventoryDataEntity.cs:53) Auto Save InventoryDataEntity: 2589053041076338689
2025-07-30 21:55:12.5527 (C2G_BuildCenterRouteHandler.cs:38) 建立到中心服的路由成功: 2589028834640658432 CenterRouteId : 2589035448890294272
2025-07-30 21:55:17.7378 (PlayerBaseDataEntity.cs:40) Auto Save PlayerCoreDataEntity: 2589035448890294273
2025-07-30 21:56:21.5916 (C2G_BuildCenterRouteHandler.cs:38) 建立到中心服的路由成功: 2589020038547636224 CenterRouteId : 2589024453774016512
2025-07-30 21:56:26.7872 (PlayerBaseDataEntity.cs:40) Auto Save PlayerCoreDataEntity: 2589026652797272064
2025-07-30 21:56:26.7927 (InventoryDataEntity.cs:46) 1111
2025-07-30 21:56:31.8003 (InventoryDataEntity.cs:46) 1111
2025-07-30 21:56:36.8046 (InventoryDataEntity.cs:46) 1111
2025-07-30 21:56:41.8041 (InventoryDataEntity.cs:46) 1111
2025-07-30 21:56:46.8199 (InventoryDataEntity.cs:46) 1111
2025-07-30 21:58:58.0949 (C2G_BuildCenterRouteHandler.cs:38) 建立到中心服的路由成功: 2589024436594147328 CenterRouteId : 2589028851820527616
2025-07-30 21:59:03.3092 (PlayerBaseDataEntity.cs:40) Auto Save PlayerCoreDataEntity: 2589028851820527617
2025-07-30 21:59:03.3092 (InventoryDataEntity.cs:46) 1111
2025-07-30 21:59:08.3177 (InventoryDataEntity.cs:46) 1111
2025-07-30 21:59:13.3174 (InventoryDataEntity.cs:46) 1111
2025-07-30 21:59:13.3291 (InventoryDataEntity.cs:51)  Dirty : False
2025-07-30 21:59:13.3291 (InventoryDataEntity.cs:52) Auto Save InventoryDataEntity: 2589028851820527618
2025-07-30 21:59:18.3182 (InventoryDataEntity.cs:46) 1111
2025-07-30 21:59:23.3189 (InventoryDataEntity.cs:46) 1111
2025-07-30 21:59:28.3196 (InventoryDataEntity.cs:46) 1111
2025-07-30 21:59:33.3199 (InventoryDataEntity.cs:46) 1111
2025-07-30 21:59:38.3205 (InventoryDataEntity.cs:46) 1111
2025-07-30 21:59:43.3201 (InventoryDataEntity.cs:46) 1111
2025-07-30 21:59:43.3201 (InventoryDataEntity.cs:51)  Dirty : False
2025-07-30 21:59:43.3201 (InventoryDataEntity.cs:52) Auto Save InventoryDataEntity: 2589028851820527618
2025-07-30 21:59:48.3202 (InventoryDataEntity.cs:46) 1111
2025-07-30 21:59:53.3207 (InventoryDataEntity.cs:46) 1111
2025-07-30 21:59:58.3210 (InventoryDataEntity.cs:46) 1111
